Archive member included to satisfy reference by file (symbol)

.\CortexM3\ARM_GCC_541\Debug\MATRIX.a(LCD.o)
                              .\CortexM3\ARM_GCC_541\Debug\main.o (LCD_PrintString)
.\CortexM3\ARM_GCC_541\Debug\MATRIX.a(FILAS.o)
                              .\CortexM3\ARM_GCC_541\Debug\main.o (FILAS_Read)
.\CortexM3\ARM_GCC_541\Debug\MATRIX.a(isr_FILA.o)
                              .\CortexM3\ARM_GCC_541\Debug\main.o (isr_FILA_StartEx)
.\CortexM3\ARM_GCC_541\Debug\MATRIX.a(COLUMNAS.o)
                              .\CortexM3\ARM_GCC_541\Debug\main.o (COLUMNAS_Write)
.\CortexM3\ARM_GCC_541\Debug\MATRIX.a(CyLib.o)
                              .\CortexM3\ARM_GCC_541\Debug\Cm3Start.o (CyHalt)
.\CortexM3\ARM_GCC_541\Debug\MATRIX.a(cyPm.o)
                              .\CortexM3\ARM_GCC_541\Debug\MATRIX.a(CyLib.o) (CyPmReadStatus)
.\CortexM3\ARM_GCC_541\Debug\MATRIX.a(Alarm.o)
                              .\CortexM3\ARM_GCC_541\Debug\main.o (Alarm_Write)
.\CortexM3\ARM_GCC_541\Debug\MATRIX.a(SENSOR.o)
                              .\CortexM3\ARM_GCC_541\Debug\main.o (SENSOR_ClearInterrupt)
.\CortexM3\ARM_GCC_541\Debug\MATRIX.a(SENSOR_int.o)
                              .\CortexM3\ARM_GCC_541\Debug\main.o (SENSOR_int_StartEx)
.\CortexM3\ARM_GCC_541\Debug\MATRIX.a(CyBootAsmGnu.o)
                              .\CortexM3\ARM_GCC_541\Debug\cyfitter_cfg.o (CyDelayCycles)
.\CortexM3\ARM_GCC_541\Debug\MATRIX.a(CyFlash.o)
                              .\CortexM3\ARM_GCC_541\Debug\MATRIX.a(cyPm.o) (CyFlash_SetWaitCycles)
.\CortexM3\ARM_GCC_541\Debug\MATRIX.a(CySpc.o)
                              .\CortexM3\ARM_GCC_541\Debug\MATRIX.a(CyFlash.o) (CySpcStart)
c:/program files (x86)/cypress/psoc creator/4.4/psoc creator/import/gnu/arm/5.4.1/bin/../lib/gcc/arm-none-eabi/5.4.1/../../../../arm-none-eabi/lib/armv7-m\libg_nano.a(lib_a-errno.o)
                              .\CortexM3\ARM_GCC_541\Debug\Cm3Start.o (__errno)
c:/program files (x86)/cypress/psoc creator/4.4/psoc creator/import/gnu/arm/5.4.1/bin/../lib/gcc/arm-none-eabi/5.4.1/../../../../arm-none-eabi/lib/armv7-m\libg_nano.a(lib_a-exit.o)
                              c:/program files (x86)/cypress/psoc creator/4.4/psoc creator/import/gnu/arm/5.4.1/bin/../lib/gcc/arm-none-eabi/5.4.1/../../../../arm-none-eabi/lib/armv7-m/crt0.o (exit)
c:/program files (x86)/cypress/psoc creator/4.4/psoc creator/import/gnu/arm/5.4.1/bin/../lib/gcc/arm-none-eabi/5.4.1/../../../../arm-none-eabi/lib/armv7-m\libg_nano.a(lib_a-impure.o)
                              c:/program files (x86)/cypress/psoc creator/4.4/psoc creator/import/gnu/arm/5.4.1/bin/../lib/gcc/arm-none-eabi/5.4.1/../../../../arm-none-eabi/lib/armv7-m\libg_nano.a(lib_a-exit.o) (_global_impure_ptr)
c:/program files (x86)/cypress/psoc creator/4.4/psoc creator/import/gnu/arm/5.4.1/bin/../lib/gcc/arm-none-eabi/5.4.1/../../../../arm-none-eabi/lib/armv7-m\libg_nano.a(lib_a-init.o)
                              c:/program files (x86)/cypress/psoc creator/4.4/psoc creator/import/gnu/arm/5.4.1/bin/../lib/gcc/arm-none-eabi/5.4.1/../../../../arm-none-eabi/lib/armv7-m/crt0.o (__libc_init_array)
c:/program files (x86)/cypress/psoc creator/4.4/psoc creator/import/gnu/arm/5.4.1/bin/../lib/gcc/arm-none-eabi/5.4.1/../../../../arm-none-eabi/lib/armv7-m\libg_nano.a(lib_a-memcpy-stub.o)
                              .\CortexM3\ARM_GCC_541\Debug\cyfitter_cfg.o (memcpy)
c:/program files (x86)/cypress/psoc creator/4.4/psoc creator/import/gnu/arm/5.4.1/bin/../lib/gcc/arm-none-eabi/5.4.1/../../../../arm-none-eabi/lib/armv7-m\libg_nano.a(lib_a-memset.o)
                              c:/program files (x86)/cypress/psoc creator/4.4/psoc creator/import/gnu/arm/5.4.1/bin/../lib/gcc/arm-none-eabi/5.4.1/../../../../arm-none-eabi/lib/armv7-m/crt0.o (memset)

Allocating common symbols
Common symbol       size              file

D3                  0x4               .\CortexM3\ARM_GCC_541\Debug\main.o
FinalN              0x4               .\CortexM3\ARM_GCC_541\Debug\main.o
D5                  0x4               .\CortexM3\ARM_GCC_541\Debug\main.o
D2                  0x4               .\CortexM3\ARM_GCC_541\Debug\main.o
D4                  0x4               .\CortexM3\ARM_GCC_541\Debug\main.o
dieTemperature      0x2               .\CortexM3\ARM_GCC_541\Debug\MATRIX.a(CyFlash.o)
D1                  0x4               .\CortexM3\ARM_GCC_541\Debug\main.o

Discarded input sections

 .text          0x00000000        0x0 c:/program files (x86)/cypress/psoc creator/4.4/psoc creator/import/gnu/arm/5.4.1/bin/../lib/gcc/arm-none-eabi/5.4.1/armv7-m/crti.o
 .data          0x00000000        0x0 c:/program files (x86)/cypress/psoc creator/4.4/psoc creator/import/gnu/arm/5.4.1/bin/../lib/gcc/arm-none-eabi/5.4.1/armv7-m/crti.o
 .bss           0x00000000        0x0 c:/program files (x86)/cypress/psoc creator/4.4/psoc creator/import/gnu/arm/5.4.1/bin/../lib/gcc/arm-none-eabi/5.4.1/armv7-m/crti.o
 .data          0x00000000        0x4 c:/program files (x86)/cypress/psoc creator/4.4/psoc creator/import/gnu/arm/5.4.1/bin/../lib/gcc/arm-none-eabi/5.4.1/armv7-m/crtbegin.o
 .text          0x00000000       0x74 c:/program files (x86)/cypress/psoc creator/4.4/psoc creator/import/gnu/arm/5.4.1/bin/../lib/gcc/arm-none-eabi/5.4.1/../../../../arm-none-eabi/lib/armv7-m/crt0.o
 .data          0x00000000        0x0 c:/program files (x86)/cypress/psoc creator/4.4/psoc creator/import/gnu/arm/5.4.1/bin/../lib/gcc/arm-none-eabi/5.4.1/../../../../arm-none-eabi/lib/armv7-m/crt0.o
 .bss           0x00000000        0x0 c:/program files (x86)/cypress/psoc creator/4.4/psoc creator/import/gnu/arm/5.4.1/bin/../lib/gcc/arm-none-eabi/5.4.1/../../../../arm-none-eabi/lib/armv7-m/crt0.o
 .ARM.extab     0x00000000        0x0 c:/program files (x86)/cypress/psoc creator/4.4/psoc creator/import/gnu/arm/5.4.1/bin/../lib/gcc/arm-none-eabi/5.4.1/../../../../arm-none-eabi/lib/armv7-m/crt0.o
 .ARM.exidx     0x00000000        0x8 c:/program files (x86)/cypress/psoc creator/4.4/psoc creator/import/gnu/arm/5.4.1/bin/../lib/gcc/arm-none-eabi/5.4.1/../../../../arm-none-eabi/lib/armv7-m/crt0.o
 .text          0x00000000        0x0 .\CortexM3\ARM_GCC_541\Debug\main.o
 .data          0x00000000        0x0 .\CortexM3\ARM_GCC_541\Debug\main.o
 .text          0x00000000        0x0 .\CortexM3\ARM_GCC_541\Debug\cyfitter_cfg.o
 .data          0x00000000        0x0 .\CortexM3\ARM_GCC_541\Debug\cyfitter_cfg.o
 .bss           0x00000000        0x0 .\CortexM3\ARM_GCC_541\Debug\cyfitter_cfg.o
 .text.SetAnalogRoutingPumps
                0x00000000       0x10 .\CortexM3\ARM_GCC_541\Debug\cyfitter_cfg.o
 .text          0x00000000        0x0 .\CortexM3\ARM_GCC_541\Debug\cymetadata.o
 .data          0x00000000        0x0 .\CortexM3\ARM_GCC_541\Debug\cymetadata.o
 .bss           0x00000000        0x0 .\CortexM3\ARM_GCC_541\Debug\cymetadata.o
 .text          0x00000000        0x0 .\CortexM3\ARM_GCC_541\Debug\Cm3Start.o
 .data          0x00000000        0x4 .\CortexM3\ARM_GCC_541\Debug\Cm3Start.o
 .bss           0x00000000        0x0 .\CortexM3\ARM_GCC_541\Debug\Cm3Start.o
 .text._exit    0x00000000        0xc .\CortexM3\ARM_GCC_541\Debug\Cm3Start.o
 .text._sbrk    0x00000000       0x30 .\CortexM3\ARM_GCC_541\Debug\Cm3Start.o
 .text          0x00000000        0x0 .\CortexM3\ARM_GCC_541\Debug\MATRIX.a(LCD.o)
 .data          0x00000000        0x0 .\CortexM3\ARM_GCC_541\Debug\MATRIX.a(LCD.o)
 .text.LCD_Stop
                0x00000000       0x14 .\CortexM3\ARM_GCC_541\Debug\MATRIX.a(LCD.o)
 .text.LCD_PrintInt8
                0x00000000       0x20 .\CortexM3\ARM_GCC_541\Debug\MATRIX.a(LCD.o)
 .text.LCD_PrintInt16
                0x00000000       0x14 .\CortexM3\ARM_GCC_541\Debug\MATRIX.a(LCD.o)
 .text.LCD_PrintInt32
                0x00000000       0x1c .\CortexM3\ARM_GCC_541\Debug\MATRIX.a(LCD.o)
 .rodata        0x00000000       0x10 .\CortexM3\ARM_GCC_541\Debug\MATRIX.a(LCD.o)
 .text          0x00000000        0x0 .\CortexM3\ARM_GCC_541\Debug\MATRIX.a(FILAS.o)
 .data          0x00000000        0x0 .\CortexM3\ARM_GCC_541\Debug\MATRIX.a(FILAS.o)
 .bss           0x00000000        0x0 .\CortexM3\ARM_GCC_541\Debug\MATRIX.a(FILAS.o)
 .text.FILAS_Write
                0x00000000       0x18 .\CortexM3\ARM_GCC_541\Debug\MATRIX.a(FILAS.o)
 .text.FILAS_SetDriveMode
                0x00000000       0x3c .\CortexM3\ARM_GCC_541\Debug\MATRIX.a(FILAS.o)
 .text.FILAS_ReadDataReg
                0x00000000        0xc .\CortexM3\ARM_GCC_541\Debug\MATRIX.a(FILAS.o)
 .text.FILAS_SetInterruptMode
                0x00000000       0x4c .\CortexM3\ARM_GCC_541\Debug\MATRIX.a(FILAS.o)
 .text          0x00000000        0x0 .\CortexM3\ARM_GCC_541\Debug\MATRIX.a(isr_FILA.o)
 .data          0x00000000        0x0 .\CortexM3\ARM_GCC_541\Debug\MATRIX.a(isr_FILA.o)
 .bss           0x00000000        0x0 .\CortexM3\ARM_GCC_541\Debug\MATRIX.a(isr_FILA.o)
 .text.isr_FILA_Interrupt
                0x00000000        0x4 .\CortexM3\ARM_GCC_541\Debug\MATRIX.a(isr_FILA.o)
 .text.isr_FILA_GetVector
                0x00000000        0xc .\CortexM3\ARM_GCC_541\Debug\MATRIX.a(isr_FILA.o)
 .text.isr_FILA_GetPriority
                0x00000000        0xc .\CortexM3\ARM_GCC_541\Debug\MATRIX.a(isr_FILA.o)
 .text.isr_FILA_GetState
                0x00000000       0x18 .\CortexM3\ARM_GCC_541\Debug\MATRIX.a(isr_FILA.o)
 .text.isr_FILA_Start
                0x00000000       0x1c .\CortexM3\ARM_GCC_541\Debug\MATRIX.a(isr_FILA.o)
 .text.isr_FILA_Stop
                0x00000000       0x14 .\CortexM3\ARM_GCC_541\Debug\MATRIX.a(isr_FILA.o)
 .text.isr_FILA_SetPending
                0x00000000        0xc .\CortexM3\ARM_GCC_541\Debug\MATRIX.a(isr_FILA.o)
 .text.isr_FILA_ClearPending
                0x00000000        0xc .\CortexM3\ARM_GCC_541\Debug\MATRIX.a(isr_FILA.o)
 .text          0x00000000        0x0 .\CortexM3\ARM_GCC_541\Debug\MATRIX.a(COLUMNAS.o)
 .data          0x00000000        0x0 .\CortexM3\ARM_GCC_541\Debug\MATRIX.a(COLUMNAS.o)
 .bss           0x00000000        0x0 .\CortexM3\ARM_GCC_541\Debug\MATRIX.a(COLUMNAS.o)
 .text.COLUMNAS_SetDriveMode
                0x00000000       0x3c .\CortexM3\ARM_GCC_541\Debug\MATRIX.a(COLUMNAS.o)
 .text.COLUMNAS_ReadDataReg
                0x00000000       0x10 .\CortexM3\ARM_GCC_541\Debug\MATRIX.a(COLUMNAS.o)
 .text          0x00000000        0x0 .\CortexM3\ARM_GCC_541\Debug\MATRIX.a(CyLib.o)
 .bss           0x00000000       0x1c .\CortexM3\ARM_GCC_541\Debug\MATRIX.a(CyLib.o)
 .text.CyUSB_PowerOnCheck
                0x00000000       0x48 .\CortexM3\ARM_GCC_541\Debug\MATRIX.a(CyLib.o)
 .text.CyBusClk_Internal_SetDivider
                0x00000000       0x48 .\CortexM3\ARM_GCC_541\Debug\MATRIX.a(CyLib.o)
 .text.CyPLL_OUT_Stop
                0x00000000       0x10 .\CortexM3\ARM_GCC_541\Debug\MATRIX.a(CyLib.o)
 .text.CyIMO_Stop
                0x00000000       0x1c .\CortexM3\ARM_GCC_541\Debug\MATRIX.a(CyLib.o)
 .text.CyIMO_EnableDoubler
                0x00000000       0x10 .\CortexM3\ARM_GCC_541\Debug\MATRIX.a(CyLib.o)
 .text.CyIMO_DisableDoubler
                0x00000000       0x10 .\CortexM3\ARM_GCC_541\Debug\MATRIX.a(CyLib.o)
 .text.CyMasterClk_SetSource
                0x00000000       0x18 .\CortexM3\ARM_GCC_541\Debug\MATRIX.a(CyLib.o)
 .text.CyMasterClk_SetDivider
                0x00000000        0xc .\CortexM3\ARM_GCC_541\Debug\MATRIX.a(CyLib.o)
 .text.CyBusClk_SetDivider
                0x00000000       0x70 .\CortexM3\ARM_GCC_541\Debug\MATRIX.a(CyLib.o)
 .text.CyUsbClk_SetSource
                0x00000000       0x18 .\CortexM3\ARM_GCC_541\Debug\MATRIX.a(CyLib.o)
 .text.CyILO_Start1K
                0x00000000       0x10 .\CortexM3\ARM_GCC_541\Debug\MATRIX.a(CyLib.o)
 .text.CyILO_Stop1K
                0x00000000       0x10 .\CortexM3\ARM_GCC_541\Debug\MATRIX.a(CyLib.o)
 .text.CyILO_Start100K
                0x00000000       0x10 .\CortexM3\ARM_GCC_541\Debug\MATRIX.a(CyLib.o)
 .text.CyILO_Stop100K
                0x00000000       0x10 .\CortexM3\ARM_GCC_541\Debug\MATRIX.a(CyLib.o)
 .text.CyPLL_OUT_Start
                0x00000000       0x78 .\CortexM3\ARM_GCC_541\Debug\MATRIX.a(CyLib.o)
 .text.CyIMO_Start
                0x00000000       0x60 .\CortexM3\ARM_GCC_541\Debug\MATRIX.a(CyLib.o)
 .text.CyILO_Enable33K
                0x00000000       0x10 .\CortexM3\ARM_GCC_541\Debug\MATRIX.a(CyLib.o)
 .text.CyILO_Disable33K
                0x00000000       0x10 .\CortexM3\ARM_GCC_541\Debug\MATRIX.a(CyLib.o)
 .text.CyILO_SetSource
                0x00000000       0x18 .\CortexM3\ARM_GCC_541\Debug\MATRIX.a(CyLib.o)
 .text.CyILO_SetPowerMode
                0x00000000       0x24 .\CortexM3\ARM_GCC_541\Debug\MATRIX.a(CyLib.o)
 .text.CyXTAL_32KHZ_Stop
                0x00000000       0x30 .\CortexM3\ARM_GCC_541\Debug\MATRIX.a(CyLib.o)
 .text.CyXTAL_32KHZ_ReadStatus
                0x00000000       0x10 .\CortexM3\ARM_GCC_541\Debug\MATRIX.a(CyLib.o)
 .text.CyXTAL_Start
                0x00000000       0xac .\CortexM3\ARM_GCC_541\Debug\MATRIX.a(CyLib.o)
 .text.CyXTAL_Stop
                0x00000000       0x10 .\CortexM3\ARM_GCC_541\Debug\MATRIX.a(CyLib.o)
 .text.CyXTAL_EnableErrStatus
                0x00000000       0x10 .\CortexM3\ARM_GCC_541\Debug\MATRIX.a(CyLib.o)
 .text.CyXTAL_DisableErrStatus
                0x00000000       0x10 .\CortexM3\ARM_GCC_541\Debug\MATRIX.a(CyLib.o)
 .text.CyXTAL_ReadStatus
                0x00000000       0x18 .\CortexM3\ARM_GCC_541\Debug\MATRIX.a(CyLib.o)
 .text.CyXTAL_EnableFaultRecovery
                0x00000000       0x10 .\CortexM3\ARM_GCC_541\Debug\MATRIX.a(CyLib.o)
 .text.CyXTAL_DisableFaultRecovery
                0x00000000       0x10 .\CortexM3\ARM_GCC_541\Debug\MATRIX.a(CyLib.o)
 .text.CyXTAL_SetStartup
                0x00000000       0x18 .\CortexM3\ARM_GCC_541\Debug\MATRIX.a(CyLib.o)
 .text.CyXTAL_SetFbVoltage
                0x00000000       0x18 .\CortexM3\ARM_GCC_541\Debug\MATRIX.a(CyLib.o)
 .text.CyXTAL_SetWdVoltage
                0x00000000       0x18 .\CortexM3\ARM_GCC_541\Debug\MATRIX.a(CyLib.o)
 .text.CyHalt   0x00000000        0x4 .\CortexM3\ARM_GCC_541\Debug\MATRIX.a(CyLib.o)
 .text.CyPLL_OUT_SetPQ
                0x00000000       0x60 .\CortexM3\ARM_GCC_541\Debug\MATRIX.a(CyLib.o)
 .text.CyPLL_OUT_SetSource
                0x00000000       0x34 .\CortexM3\ARM_GCC_541\Debug\MATRIX.a(CyLib.o)
 .text.CyIMO_SetTrimValue
                0x00000000       0xcc .\CortexM3\ARM_GCC_541\Debug\MATRIX.a(CyLib.o)
 .text.CyIMO_SetFreq
                0x00000000       0xf4 .\CortexM3\ARM_GCC_541\Debug\MATRIX.a(CyLib.o)
 .text.CyIMO_SetSource
                0x00000000       0x58 .\CortexM3\ARM_GCC_541\Debug\MATRIX.a(CyLib.o)
 .text.CySoftwareReset
                0x00000000       0x10 .\CortexM3\ARM_GCC_541\Debug\MATRIX.a(CyLib.o)
 .text.CyXTAL_32KHZ_SetPowerMode
                0x00000000       0x84 .\CortexM3\ARM_GCC_541\Debug\MATRIX.a(CyLib.o)
 .text.CyXTAL_32KHZ_Start
                0x00000000       0x74 .\CortexM3\ARM_GCC_541\Debug\MATRIX.a(CyLib.o)
 .text.CyDelayFreq
                0x00000000       0x4c .\CortexM3\ARM_GCC_541\Debug\MATRIX.a(CyLib.o)
 .text.CyWdtStart
                0x00000000       0x40 .\CortexM3\ARM_GCC_541\Debug\MATRIX.a(CyLib.o)
 .text.CyWdtClear
                0x00000000        0xc .\CortexM3\ARM_GCC_541\Debug\MATRIX.a(CyLib.o)
 .text.CyVdStickyStatus
                0x00000000       0x2c .\CortexM3\ARM_GCC_541\Debug\MATRIX.a(CyLib.o)
 .text.CyVdLvDigitEnable
                0x00000000       0x84 .\CortexM3\ARM_GCC_541\Debug\MATRIX.a(CyLib.o)
 .text.CyVdLvAnalogEnable
                0x00000000       0x80 .\CortexM3\ARM_GCC_541\Debug\MATRIX.a(CyLib.o)
 .text.CyVdLvDigitDisable
                0x00000000       0x30 .\CortexM3\ARM_GCC_541\Debug\MATRIX.a(CyLib.o)
 .text.CyVdLvAnalogDisable
                0x00000000       0x28 .\CortexM3\ARM_GCC_541\Debug\MATRIX.a(CyLib.o)
 .text.CyVdHvAnalogEnable
                0x00000000       0x54 .\CortexM3\ARM_GCC_541\Debug\MATRIX.a(CyLib.o)
 .text.CyVdHvAnalogDisable
                0x00000000       0x20 .\CortexM3\ARM_GCC_541\Debug\MATRIX.a(CyLib.o)
 .text.CyVdRealTimeStatus
                0x00000000       0x1c .\CortexM3\ARM_GCC_541\Debug\MATRIX.a(CyLib.o)
 .text.CyDisableInts
                0x00000000       0x1c .\CortexM3\ARM_GCC_541\Debug\MATRIX.a(CyLib.o)
 .text.CyEnableInts
                0x00000000       0x18 .\CortexM3\ARM_GCC_541\Debug\MATRIX.a(CyLib.o)
 .text.CyFlushCache
                0x00000000       0x44 .\CortexM3\ARM_GCC_541\Debug\MATRIX.a(CyLib.o)
 .text.CyIntSetSysVector
                0x00000000       0x28 .\CortexM3\ARM_GCC_541\Debug\MATRIX.a(CyLib.o)
 .text.CyIntGetSysVector
                0x00000000       0x20 .\CortexM3\ARM_GCC_541\Debug\MATRIX.a(CyLib.o)
 .text.CyIntSetVector
                0x00000000       0x28 .\CortexM3\ARM_GCC_541\Debug\MATRIX.a(CyLib.o)
 .text.CyIntGetVector
                0x00000000       0x24 .\CortexM3\ARM_GCC_541\Debug\MATRIX.a(CyLib.o)
 .text.CyIntSetPriority
                0x00000000       0x30 .\CortexM3\ARM_GCC_541\Debug\MATRIX.a(CyLib.o)
 .text.CyIntGetPriority
                0x00000000       0x20 .\CortexM3\ARM_GCC_541\Debug\MATRIX.a(CyLib.o)
 .text.CyIntGetState
                0x00000000       0x24 .\CortexM3\ARM_GCC_541\Debug\MATRIX.a(CyLib.o)
 .text.CySysTickStop
                0x00000000       0x10 .\CortexM3\ARM_GCC_541\Debug\MATRIX.a(CyLib.o)
 .text.CySysTickEnableInterrupt
                0x00000000       0x10 .\CortexM3\ARM_GCC_541\Debug\MATRIX.a(CyLib.o)
 .text.CySysTickEnable
                0x00000000       0x18 .\CortexM3\ARM_GCC_541\Debug\MATRIX.a(CyLib.o)
 .text.CySysTickDisableInterrupt
                0x00000000       0x10 .\CortexM3\ARM_GCC_541\Debug\MATRIX.a(CyLib.o)
 .text.CySysTickSetReload
                0x00000000       0x10 .\CortexM3\ARM_GCC_541\Debug\MATRIX.a(CyLib.o)
 .text.CySysTickGetReload
                0x00000000       0x10 .\CortexM3\ARM_GCC_541\Debug\MATRIX.a(CyLib.o)
 .text.CySysTickGetValue
                0x00000000       0x10 .\CortexM3\ARM_GCC_541\Debug\MATRIX.a(CyLib.o)
 .text.CySysTickSetClockSource
                0x00000000       0x20 .\CortexM3\ARM_GCC_541\Debug\MATRIX.a(CyLib.o)
 .text.CySysTickGetClockSource
                0x00000000       0x10 .\CortexM3\ARM_GCC_541\Debug\MATRIX.a(CyLib.o)
 .text.CySysTickGetCountFlag
                0x00000000       0x10 .\CortexM3\ARM_GCC_541\Debug\MATRIX.a(CyLib.o)
 .text.CySysTickServiceCallbacks
                0x00000000       0x28 .\CortexM3\ARM_GCC_541\Debug\MATRIX.a(CyLib.o)
 .text.CySysTickClear
                0x00000000        0xc .\CortexM3\ARM_GCC_541\Debug\MATRIX.a(CyLib.o)
 .text.CySysTickInit
                0x00000000       0x58 .\CortexM3\ARM_GCC_541\Debug\MATRIX.a(CyLib.o)
 .text.CySysTickStart
                0x00000000       0x1c .\CortexM3\ARM_GCC_541\Debug\MATRIX.a(CyLib.o)
 .text.CySysTickSetCallback
                0x00000000       0x10 .\CortexM3\ARM_GCC_541\Debug\MATRIX.a(CyLib.o)
 .text.CySysTickGetCallback
                0x00000000       0x10 .\CortexM3\ARM_GCC_541\Debug\MATRIX.a(CyLib.o)
 .text.CyGetUniqueId
                0x00000000       0x70 .\CortexM3\ARM_GCC_541\Debug\MATRIX.a(CyLib.o)
 .text          0x00000000        0x0 .\CortexM3\ARM_GCC_541\Debug\MATRIX.a(cyPm.o)
 .data          0x00000000        0x0 .\CortexM3\ARM_GCC_541\Debug\MATRIX.a(cyPm.o)
 .bss           0x00000000       0x43 .\CortexM3\ARM_GCC_541\Debug\MATRIX.a(cyPm.o)
 .text.CyPmHibSlpSaveSet
                0x00000000      0x1dc .\CortexM3\ARM_GCC_541\Debug\MATRIX.a(cyPm.o)
 .text.CyPmHibSlpRestore
                0x00000000       0xd8 .\CortexM3\ARM_GCC_541\Debug\MATRIX.a(cyPm.o)
 .text.CyPmHviLviSaveDisable
                0x00000000       0xa0 .\CortexM3\ARM_GCC_541\Debug\MATRIX.a(cyPm.o)
 .text.CyPmHibSaveSet
                0x00000000       0x98 .\CortexM3\ARM_GCC_541\Debug\MATRIX.a(cyPm.o)
 .text.CyPmHviLviRestore
                0x00000000       0x48 .\CortexM3\ARM_GCC_541\Debug\MATRIX.a(cyPm.o)
 .text.CyPmHibRestore
                0x00000000       0x60 .\CortexM3\ARM_GCC_541\Debug\MATRIX.a(cyPm.o)
 .text.CyPmSaveClocks
                0x00000000      0x218 .\CortexM3\ARM_GCC_541\Debug\MATRIX.a(cyPm.o)
 .text.CyPmRestoreClocks
                0x00000000      0x24c .\CortexM3\ARM_GCC_541\Debug\MATRIX.a(cyPm.o)
 .text.CyPmAltAct
                0x00000000       0x6c .\CortexM3\ARM_GCC_541\Debug\MATRIX.a(cyPm.o)
 .text.CyPmSleep
                0x00000000       0xf4 .\CortexM3\ARM_GCC_541\Debug\MATRIX.a(cyPm.o)
 .text.CyPmHibernateEx
                0x00000000       0xf4 .\CortexM3\ARM_GCC_541\Debug\MATRIX.a(cyPm.o)
 .text.CyPmHibernate
                0x00000000        0xc .\CortexM3\ARM_GCC_541\Debug\MATRIX.a(cyPm.o)
 .text.CyPmReadStatus
                0x00000000       0x30 .\CortexM3\ARM_GCC_541\Debug\MATRIX.a(cyPm.o)
 .text.CyPmCtwSetInterval
                0x00000000       0x5c .\CortexM3\ARM_GCC_541\Debug\MATRIX.a(cyPm.o)
 .text.CyPmOppsSet
                0x00000000       0x2c .\CortexM3\ARM_GCC_541\Debug\MATRIX.a(cyPm.o)
 .text.CyPmFtwSetInterval
                0x00000000       0x5c .\CortexM3\ARM_GCC_541\Debug\MATRIX.a(cyPm.o)
 .rodata        0x00000000        0xf .\CortexM3\ARM_GCC_541\Debug\MATRIX.a(cyPm.o)
 .text          0x00000000        0x0 .\CortexM3\ARM_GCC_541\Debug\MATRIX.a(Alarm.o)
 .data          0x00000000        0x0 .\CortexM3\ARM_GCC_541\Debug\MATRIX.a(Alarm.o)
 .bss           0x00000000        0x0 .\CortexM3\ARM_GCC_541\Debug\MATRIX.a(Alarm.o)
 .text.Alarm_SetDriveMode
                0x00000000       0x18 .\CortexM3\ARM_GCC_541\Debug\MATRIX.a(Alarm.o)
 .text.Alarm_Read
                0x00000000       0x10 .\CortexM3\ARM_GCC_541\Debug\MATRIX.a(Alarm.o)
 .text.Alarm_ReadDataReg
                0x00000000       0x10 .\CortexM3\ARM_GCC_541\Debug\MATRIX.a(Alarm.o)
 .text          0x00000000        0x0 .\CortexM3\ARM_GCC_541\Debug\MATRIX.a(SENSOR.o)
 .data          0x00000000        0x0 .\CortexM3\ARM_GCC_541\Debug\MATRIX.a(SENSOR.o)
 .bss           0x00000000        0x0 .\CortexM3\ARM_GCC_541\Debug\MATRIX.a(SENSOR.o)
 .text.SENSOR_Write
                0x00000000       0x18 .\CortexM3\ARM_GCC_541\Debug\MATRIX.a(SENSOR.o)
 .text.SENSOR_SetDriveMode
                0x00000000       0x18 .\CortexM3\ARM_GCC_541\Debug\MATRIX.a(SENSOR.o)
 .text.SENSOR_Read
                0x00000000        0xc .\CortexM3\ARM_GCC_541\Debug\MATRIX.a(SENSOR.o)
 .text.SENSOR_ReadDataReg
                0x00000000        0xc .\CortexM3\ARM_GCC_541\Debug\MATRIX.a(SENSOR.o)
 .text.SENSOR_SetInterruptMode
                0x00000000       0x14 .\CortexM3\ARM_GCC_541\Debug\MATRIX.a(SENSOR.o)
 .text          0x00000000        0x0 .\CortexM3\ARM_GCC_541\Debug\MATRIX.a(SENSOR_int.o)
 .data          0x00000000        0x0 .\CortexM3\ARM_GCC_541\Debug\MATRIX.a(SENSOR_int.o)
 .bss           0x00000000        0x0 .\CortexM3\ARM_GCC_541\Debug\MATRIX.a(SENSOR_int.o)
 .text.SENSOR_int_Interrupt
                0x00000000        0x4 .\CortexM3\ARM_GCC_541\Debug\MATRIX.a(SENSOR_int.o)
 .text.SENSOR_int_GetVector
                0x00000000        0xc .\CortexM3\ARM_GCC_541\Debug\MATRIX.a(SENSOR_int.o)
 .text.SENSOR_int_GetPriority
                0x00000000        0xc .\CortexM3\ARM_GCC_541\Debug\MATRIX.a(SENSOR_int.o)
 .text.SENSOR_int_GetState
                0x00000000       0x18 .\CortexM3\ARM_GCC_541\Debug\MATRIX.a(SENSOR_int.o)
 .text.SENSOR_int_Start
                0x00000000       0x1c .\CortexM3\ARM_GCC_541\Debug\MATRIX.a(SENSOR_int.o)
 .text.SENSOR_int_Stop
                0x00000000       0x14 .\CortexM3\ARM_GCC_541\Debug\MATRIX.a(SENSOR_int.o)
 .text.SENSOR_int_SetPending
                0x00000000        0xc .\CortexM3\ARM_GCC_541\Debug\MATRIX.a(SENSOR_int.o)
 .text.SENSOR_int_ClearPending
                0x00000000        0xc .\CortexM3\ARM_GCC_541\Debug\MATRIX.a(SENSOR_int.o)
 .data          0x00000000        0x0 .\CortexM3\ARM_GCC_541\Debug\MATRIX.a(CyBootAsmGnu.o)
 .bss           0x00000000        0x0 .\CortexM3\ARM_GCC_541\Debug\MATRIX.a(CyBootAsmGnu.o)
 .text          0x00000000        0x0 .\CortexM3\ARM_GCC_541\Debug\MATRIX.a(CyFlash.o)
 .data          0x00000000        0x0 .\CortexM3\ARM_GCC_541\Debug\MATRIX.a(CyFlash.o)
 .bss           0x00000000        0x0 .\CortexM3\ARM_GCC_541\Debug\MATRIX.a(CyFlash.o)
 .text.CySetTempInt
                0x00000000       0x60 .\CortexM3\ARM_GCC_541\Debug\MATRIX.a(CyFlash.o)
 .text.CyFlash_Start
                0x00000000       0x54 .\CortexM3\ARM_GCC_541\Debug\MATRIX.a(CyFlash.o)
 .text.CyFlash_Stop
                0x00000000       0x24 .\CortexM3\ARM_GCC_541\Debug\MATRIX.a(CyFlash.o)
 .text.CyFlash_EraseRow
                0x00000000       0x78 .\CortexM3\ARM_GCC_541\Debug\MATRIX.a(CyFlash.o)
 .text.CyFlashGetSpcAlgorithm
                0x00000000       0x4c .\CortexM3\ARM_GCC_541\Debug\MATRIX.a(CyFlash.o)
 .text.CySetTemp
                0x00000000       0x14 .\CortexM3\ARM_GCC_541\Debug\MATRIX.a(CyFlash.o)
 .text.CySetFlashEEBuffer
                0x00000000       0x20 .\CortexM3\ARM_GCC_541\Debug\MATRIX.a(CyFlash.o)
 .text.CyWriteRowFull
                0x00000000       0xf8 .\CortexM3\ARM_GCC_541\Debug\MATRIX.a(CyFlash.o)
 .text.CyWriteRowData
                0x00000000       0x14 .\CortexM3\ARM_GCC_541\Debug\MATRIX.a(CyFlash.o)
 .text.CyFlash_SetWaitCycles
                0x00000000       0x7c .\CortexM3\ARM_GCC_541\Debug\MATRIX.a(CyFlash.o)
 .text.CyEEPROM_Start
                0x00000000       0x54 .\CortexM3\ARM_GCC_541\Debug\MATRIX.a(CyFlash.o)
 .text.CyEEPROM_Stop
                0x00000000       0x24 .\CortexM3\ARM_GCC_541\Debug\MATRIX.a(CyFlash.o)
 .text.CyEEPROM_ReadReserve
                0x00000000       0x1c .\CortexM3\ARM_GCC_541\Debug\MATRIX.a(CyFlash.o)
 .text.CyEEPROM_ReadRelease
                0x00000000       0x10 .\CortexM3\ARM_GCC_541\Debug\MATRIX.a(CyFlash.o)
 COMMON         0x00000000        0x2 .\CortexM3\ARM_GCC_541\Debug\MATRIX.a(CyFlash.o)
 .text          0x00000000        0x0 .\CortexM3\ARM_GCC_541\Debug\MATRIX.a(CySpc.o)
 .data          0x00000000        0x0 .\CortexM3\ARM_GCC_541\Debug\MATRIX.a(CySpc.o)
 .bss           0x00000000        0x8 .\CortexM3\ARM_GCC_541\Debug\MATRIX.a(CySpc.o)
 .text.CySpcStart
                0x00000000       0x24 .\CortexM3\ARM_GCC_541\Debug\MATRIX.a(CySpc.o)
 .text.CySpcStop
                0x00000000       0x24 .\CortexM3\ARM_GCC_541\Debug\MATRIX.a(CySpc.o)
 .text.CySpcReadData
                0x00000000       0x34 .\CortexM3\ARM_GCC_541\Debug\MATRIX.a(CySpc.o)
 .text.CySpcLoadMultiByte
                0x00000000       0x78 .\CortexM3\ARM_GCC_541\Debug\MATRIX.a(CySpc.o)
 .text.CySpcLoadRow
                0x00000000       0x50 .\CortexM3\ARM_GCC_541\Debug\MATRIX.a(CySpc.o)
 .text.CySpcLoadRowFull
                0x00000000       0x80 .\CortexM3\ARM_GCC_541\Debug\MATRIX.a(CySpc.o)
 .text.CySpcWriteRow
                0x00000000       0x4c .\CortexM3\ARM_GCC_541\Debug\MATRIX.a(CySpc.o)
 .text.CySpcEraseSector
                0x00000000       0x3c .\CortexM3\ARM_GCC_541\Debug\MATRIX.a(CySpc.o)
 .text.CySpcEraseRow
                0x00000000       0x4c .\CortexM3\ARM_GCC_541\Debug\MATRIX.a(CySpc.o)
 .text.CySpcGetTemp
                0x00000000       0x3c .\CortexM3\ARM_GCC_541\Debug\MATRIX.a(CySpc.o)
 .text.CySpcLock
                0x00000000       0x4c .\CortexM3\ARM_GCC_541\Debug\MATRIX.a(CySpc.o)
 .text.CySpcUnlock
                0x00000000       0x38 .\CortexM3\ARM_GCC_541\Debug\MATRIX.a(CySpc.o)
 .text.CySpcGetAlgorithm
                0x00000000       0x28 .\CortexM3\ARM_GCC_541\Debug\MATRIX.a(CySpc.o)
 .text          0x00000000        0x0 c:/program files (x86)/cypress/psoc creator/4.4/psoc creator/import/gnu/arm/5.4.1/bin/../lib/gcc/arm-none-eabi/5.4.1/../../../../arm-none-eabi/lib/armv7-m\libg_nano.a(lib_a-errno.o)
 .data          0x00000000        0x0 c:/program files (x86)/cypress/psoc creator/4.4/psoc creator/import/gnu/arm/5.4.1/bin/../lib/gcc/arm-none-eabi/5.4.1/../../../../arm-none-eabi/lib/armv7-m\libg_nano.a(lib_a-errno.o)
 .bss           0x00000000        0x0 c:/program files (x86)/cypress/psoc creator/4.4/psoc creator/import/gnu/arm/5.4.1/bin/../lib/gcc/arm-none-eabi/5.4.1/../../../../arm-none-eabi/lib/armv7-m\libg_nano.a(lib_a-errno.o)
 .text          0x00000000        0x0 c:/program files (x86)/cypress/psoc creator/4.4/psoc creator/import/gnu/arm/5.4.1/bin/../lib/gcc/arm-none-eabi/5.4.1/../../../../arm-none-eabi/lib/armv7-m\libg_nano.a(lib_a-exit.o)
 .data          0x00000000        0x0 c:/program files (x86)/cypress/psoc creator/4.4/psoc creator/import/gnu/arm/5.4.1/bin/../lib/gcc/arm-none-eabi/5.4.1/../../../../arm-none-eabi/lib/armv7-m\libg_nano.a(lib_a-exit.o)
 .bss           0x00000000        0x0 c:/program files (x86)/cypress/psoc creator/4.4/psoc creator/import/gnu/arm/5.4.1/bin/../lib/gcc/arm-none-eabi/5.4.1/../../../../arm-none-eabi/lib/armv7-m\libg_nano.a(lib_a-exit.o)
 .text.exit     0x00000000       0x28 c:/program files (x86)/cypress/psoc creator/4.4/psoc creator/import/gnu/arm/5.4.1/bin/../lib/gcc/arm-none-eabi/5.4.1/../../../../arm-none-eabi/lib/armv7-m\libg_nano.a(lib_a-exit.o)
 .text          0x00000000        0x0 c:/program files (x86)/cypress/psoc creator/4.4/psoc creator/import/gnu/arm/5.4.1/bin/../lib/gcc/arm-none-eabi/5.4.1/../../../../arm-none-eabi/lib/armv7-m\libg_nano.a(lib_a-impure.o)
 .data          0x00000000        0x0 c:/program files (x86)/cypress/psoc creator/4.4/psoc creator/import/gnu/arm/5.4.1/bin/../lib/gcc/arm-none-eabi/5.4.1/../../../../arm-none-eabi/lib/armv7-m\libg_nano.a(lib_a-impure.o)
 .bss           0x00000000        0x0 c:/program files (x86)/cypress/psoc creator/4.4/psoc creator/import/gnu/arm/5.4.1/bin/../lib/gcc/arm-none-eabi/5.4.1/../../../../arm-none-eabi/lib/armv7-m\libg_nano.a(lib_a-impure.o)
 .rodata._global_impure_ptr
                0x00000000        0x4 c:/program files (x86)/cypress/psoc creator/4.4/psoc creator/import/gnu/arm/5.4.1/bin/../lib/gcc/arm-none-eabi/5.4.1/../../../../arm-none-eabi/lib/armv7-m\libg_nano.a(lib_a-impure.o)
 .text          0x00000000        0x0 c:/program files (x86)/cypress/psoc creator/4.4/psoc creator/import/gnu/arm/5.4.1/bin/../lib/gcc/arm-none-eabi/5.4.1/../../../../arm-none-eabi/lib/armv7-m\libg_nano.a(lib_a-init.o)
 .data          0x00000000        0x0 c:/program files (x86)/cypress/psoc creator/4.4/psoc creator/import/gnu/arm/5.4.1/bin/../lib/gcc/arm-none-eabi/5.4.1/../../../../arm-none-eabi/lib/armv7-m\libg_nano.a(lib_a-init.o)
 .bss           0x00000000        0x0 c:/program files (x86)/cypress/psoc creator/4.4/psoc creator/import/gnu/arm/5.4.1/bin/../lib/gcc/arm-none-eabi/5.4.1/../../../../arm-none-eabi/lib/armv7-m\libg_nano.a(lib_a-init.o)
 .text          0x00000000        0x0 c:/program files (x86)/cypress/psoc creator/4.4/psoc creator/import/gnu/arm/5.4.1/bin/../lib/gcc/arm-none-eabi/5.4.1/../../../../arm-none-eabi/lib/armv7-m\libg_nano.a(lib_a-memcpy-stub.o)
 .data          0x00000000        0x0 c:/program files (x86)/cypress/psoc creator/4.4/psoc creator/import/gnu/arm/5.4.1/bin/../lib/gcc/arm-none-eabi/5.4.1/../../../../arm-none-eabi/lib/armv7-m\libg_nano.a(lib_a-memcpy-stub.o)
 .bss           0x00000000        0x0 c:/program files (x86)/cypress/psoc creator/4.4/psoc creator/import/gnu/arm/5.4.1/bin/../lib/gcc/arm-none-eabi/5.4.1/../../../../arm-none-eabi/lib/armv7-m\libg_nano.a(lib_a-memcpy-stub.o)
 .text          0x00000000        0x0 c:/program files (x86)/cypress/psoc creator/4.4/psoc creator/import/gnu/arm/5.4.1/bin/../lib/gcc/arm-none-eabi/5.4.1/../../../../arm-none-eabi/lib/armv7-m\libg_nano.a(lib_a-memset.o)
 .data          0x00000000        0x0 c:/program files (x86)/cypress/psoc creator/4.4/psoc creator/import/gnu/arm/5.4.1/bin/../lib/gcc/arm-none-eabi/5.4.1/../../../../arm-none-eabi/lib/armv7-m\libg_nano.a(lib_a-memset.o)
 .bss           0x00000000        0x0 c:/program files (x86)/cypress/psoc creator/4.4/psoc creator/import/gnu/arm/5.4.1/bin/../lib/gcc/arm-none-eabi/5.4.1/../../../../arm-none-eabi/lib/armv7-m\libg_nano.a(lib_a-memset.o)
 .text          0x00000000        0x0 c:/program files (x86)/cypress/psoc creator/4.4/psoc creator/import/gnu/arm/5.4.1/bin/../lib/gcc/arm-none-eabi/5.4.1/armv7-m/crtend.o
 .data          0x00000000        0x0 c:/program files (x86)/cypress/psoc creator/4.4/psoc creator/import/gnu/arm/5.4.1/bin/../lib/gcc/arm-none-eabi/5.4.1/armv7-m/crtend.o
 .bss           0x00000000        0x0 c:/program files (x86)/cypress/psoc creator/4.4/psoc creator/import/gnu/arm/5.4.1/bin/../lib/gcc/arm-none-eabi/5.4.1/armv7-m/crtend.o
 .text          0x00000000        0x0 c:/program files (x86)/cypress/psoc creator/4.4/psoc creator/import/gnu/arm/5.4.1/bin/../lib/gcc/arm-none-eabi/5.4.1/armv7-m/crtn.o
 .data          0x00000000        0x0 c:/program files (x86)/cypress/psoc creator/4.4/psoc creator/import/gnu/arm/5.4.1/bin/../lib/gcc/arm-none-eabi/5.4.1/armv7-m/crtn.o
 .bss           0x00000000        0x0 c:/program files (x86)/cypress/psoc creator/4.4/psoc creator/import/gnu/arm/5.4.1/bin/../lib/gcc/arm-none-eabi/5.4.1/armv7-m/crtn.o

Memory Configuration

Name             Origin             Length             Attributes
rom              0x00000000         0x00040000         xr
ram              0x1fff8000         0x00010000         xrw
*default*        0x00000000         0xffffffff

Linker script and memory map

LOAD c:/program files (x86)/cypress/psoc creator/4.4/psoc creator/import/gnu/arm/5.4.1/bin/../lib/gcc/arm-none-eabi/5.4.1/armv7-m/crti.o
LOAD c:/program files (x86)/cypress/psoc creator/4.4/psoc creator/import/gnu/arm/5.4.1/bin/../lib/gcc/arm-none-eabi/5.4.1/armv7-m/crtbegin.o
LOAD c:/program files (x86)/cypress/psoc creator/4.4/psoc creator/import/gnu/arm/5.4.1/bin/../lib/gcc/arm-none-eabi/5.4.1/../../../../arm-none-eabi/lib/armv7-m/crt0.o
START GROUP
LOAD .\CortexM3\ARM_GCC_541\Debug\main.o
LOAD .\CortexM3\ARM_GCC_541\Debug\cyfitter_cfg.o
LOAD .\CortexM3\ARM_GCC_541\Debug\cymetadata.o
LOAD .\CortexM3\ARM_GCC_541\Debug\Cm3Start.o
LOAD .\CortexM3\ARM_GCC_541\Debug\MATRIX.a
LOAD C:\Program Files (x86)\Cypress\PSoC Creator\4.4\PSoC Creator\psoc\content\cycomponentlibrary\CyComponentLibrary.cylib\CortexM3\ARM_GCC_541\Debug\CyComponentLibrary.a
END GROUP
START GROUP
LOAD c:/program files (x86)/cypress/psoc creator/4.4/psoc creator/import/gnu/arm/5.4.1/bin/../lib/gcc/arm-none-eabi/5.4.1/armv7-m\libgcc.a
LOAD c:/program files (x86)/cypress/psoc creator/4.4/psoc creator/import/gnu/arm/5.4.1/bin/../lib/gcc/arm-none-eabi/5.4.1/../../../../arm-none-eabi/lib/armv7-m\libg_nano.a
LOAD c:/program files (x86)/cypress/psoc creator/4.4/psoc creator/import/gnu/arm/5.4.1/bin/../lib/gcc/arm-none-eabi/5.4.1/../../../../arm-none-eabi/lib/armv7-m\libc_nano.a
END GROUP
START GROUP
LOAD c:/program files (x86)/cypress/psoc creator/4.4/psoc creator/import/gnu/arm/5.4.1/bin/../lib/gcc/arm-none-eabi/5.4.1/armv7-m\libgcc.a
LOAD c:/program files (x86)/cypress/psoc creator/4.4/psoc creator/import/gnu/arm/5.4.1/bin/../lib/gcc/arm-none-eabi/5.4.1/../../../../arm-none-eabi/lib/armv7-m\libc_nano.a
END GROUP
LOAD c:/program files (x86)/cypress/psoc creator/4.4/psoc creator/import/gnu/arm/5.4.1/bin/../lib/gcc/arm-none-eabi/5.4.1/armv7-m/crtend.o
LOAD c:/program files (x86)/cypress/psoc creator/4.4/psoc creator/import/gnu/arm/5.4.1/bin/../lib/gcc/arm-none-eabi/5.4.1/armv7-m/crtn.o
START GROUP
LOAD c:/program files (x86)/cypress/psoc creator/4.4/psoc creator/import/gnu/arm/5.4.1/bin/../lib/gcc/arm-none-eabi/5.4.1/armv7-m\libgcc.a
LOAD c:/program files (x86)/cypress/psoc creator/4.4/psoc creator/import/gnu/arm/5.4.1/bin/../lib/gcc/arm-none-eabi/5.4.1/../../../../arm-none-eabi/lib/armv7-m\libc.a
LOAD c:/program files (x86)/cypress/psoc creator/4.4/psoc creator/import/gnu/arm/5.4.1/bin/../lib/gcc/arm-none-eabi/5.4.1/../../../../arm-none-eabi/lib/armv7-m\libnosys.a
END GROUP
                0x00000000                CY_APPL_ORIGIN = 0x0
                0x00000100                CY_FLASH_ROW_SIZE = 0x100
                0x00000020                CY_ECC_ROW_SIZE = 0x20
                0x00000000                CY_EE_IN_BTLDR = 0x0
                0x00000000                CY_APPL_LOADABLE = 0x0
                0x00000800                CY_EE_SIZE = 0x800
                0x00000001                CY_APPL_NUM = 0x1
                0x00000001                CY_APPL_MAX = 0x1
                0x00000040                CY_METADATA_SIZE = 0x40
                0x00000000                CY_APPL_LOADABLE = 0x0
                0x00000000                CY_CHECKSUM_EXCLUDE_SIZE = ALIGN (0x0, CY_FLASH_ROW_SIZE)
                [!provide]                PROVIDE (__cy_heap_start, _end)
                0x00000001                PROVIDE (__cy_region_num, ((__cy_regions_end - __cy_regions) / 0x10))
                0x20008000                PROVIDE (__cy_stack, (ORIGIN (ram) + LENGTH (ram)))
                [!provide]                PROVIDE (__cy_heap_end, (__cy_stack - 0x800))

.cybootloader   0x00000000        0x0
 *(.cybootloader)
                0x00000000                appl1_start = CY_APPL_ORIGIN?CY_APPL_ORIGIN:ALIGN (CY_FLASH_ROW_SIZE)
                0x0001ff00                appl2_start = (appl1_start + ALIGN ((((LENGTH (rom) - appl1_start) - (0x2 * CY_FLASH_ROW_SIZE)) / 0x2), CY_FLASH_ROW_SIZE))
                0x00000000                appl_start = (CY_APPL_NUM == 0x1)?appl1_start:appl2_start
                0x00000000                ecc_offset = ((appl_start / CY_FLASH_ROW_SIZE) * CY_ECC_ROW_SIZE)
                0x00000000                ee_offset = (CY_APPL_LOADABLE && ! (CY_EE_IN_BTLDR))?((CY_EE_SIZE / CY_APPL_MAX) * (CY_APPL_NUM - 0x1)):0x0
                0x00000800                ee_size = (CY_APPL_LOADABLE && ! (CY_EE_IN_BTLDR))?(CY_EE_SIZE / CY_APPL_MAX):CY_EE_SIZE
                [!provide]                PROVIDE (CY_ECC_OFFSET, ecc_offset)

.text           0x00000000      0xd7e
 CREATE_OBJECT_SYMBOLS
                0x00000000                PROVIDE (__cy_interrupt_vector, RomVectors)
 *(.romvectors)
 .romvectors    0x00000000       0x10 .\CortexM3\ARM_GCC_541\Debug\Cm3Start.o
                0x00000000                RomVectors
                0x00000001                ASSERT ((. != __cy_interrupt_vector), No interrupt vector)
                0x00000001                ASSERT (CY_APPL_ORIGIN?(SIZEOF (.cybootloader) <= CY_APPL_ORIGIN):0x1, Wrong image location)
                0x00000010                PROVIDE (__cy_reset, Reset)
 *(.text.Reset)
 .text.Reset    0x00000010       0x18 .\CortexM3\ARM_GCC_541\Debug\Cm3Start.o
                0x00000010                Reset
                0x00000001                ASSERT ((. != __cy_reset), No reset code)
 *(.dma_init)
                0x00000001                ASSERT ((((appl_start + .) <= 0x10000) || 0x1), DMA Init must be within the first 64k of flash)
 *(.text .text.* .gnu.linkonce.t.*)
 .text          0x00000028       0x5c c:/program files (x86)/cypress/psoc creator/4.4/psoc creator/import/gnu/arm/5.4.1/bin/../lib/gcc/arm-none-eabi/5.4.1/armv7-m/crtbegin.o
 .text.SENSOR_int
                0x00000084       0x1c .\CortexM3\ARM_GCC_541\Debug\main.o
                0x00000084                SENSOR_int
 .text.isr_FILA
                0x000000a0      0x1e8 .\CortexM3\ARM_GCC_541\Debug\main.o
                0x000000a0                isr_FILA
 .text.main     0x00000288      0x35c .\CortexM3\ARM_GCC_541\Debug\main.o
                0x00000288                main
 .text.CyClockStartupError
                0x000005e4        0x4 .\CortexM3\ARM_GCC_541\Debug\cyfitter_cfg.o
 .text.cfg_write_bytes32
                0x000005e8       0x34 .\CortexM3\ARM_GCC_541\Debug\cyfitter_cfg.o
 .text.AnalogSetDefault
                0x0000061c       0x28 .\CortexM3\ARM_GCC_541\Debug\cyfitter_cfg.o
 .text.CYMEMZERO
                0x00000644        0xc .\CortexM3\ARM_GCC_541\Debug\cyfitter_cfg.o
 .text.ClockSetup
                0x00000650       0x9c .\CortexM3\ARM_GCC_541\Debug\cyfitter_cfg.o
 .text.CYCONFIGCPY
                0x000006ec        0x8 .\CortexM3\ARM_GCC_541\Debug\cyfitter_cfg.o
 .text.cyfitter_cfg
                0x000006f4       0xf8 .\CortexM3\ARM_GCC_541\Debug\cyfitter_cfg.o
                0x000006f4                cyfitter_cfg
 .text.IntDefaultHandler
                0x000007ec       0x10 .\CortexM3\ARM_GCC_541\Debug\Cm3Start.o
                0x000007ec                IntDefaultHandler
 .text.Start_c  0x000007fc       0x4c .\CortexM3\ARM_GCC_541\Debug\Cm3Start.o
                0x000007fc                Start_c
 .text.initialize_psoc
                0x00000848       0x68 .\CortexM3\ARM_GCC_541\Debug\Cm3Start.o
                0x00000848                initialize_psoc
 .text.LCD_WrCntrlNib
                0x000008b0       0x34 .\CortexM3\ARM_GCC_541\Debug\MATRIX.a(LCD.o)
 .text.LCD_WrDatNib
                0x000008e4       0x44 .\CortexM3\ARM_GCC_541\Debug\MATRIX.a(LCD.o)
 .text.LCD_IsReady
                0x00000928       0xe4 .\CortexM3\ARM_GCC_541\Debug\MATRIX.a(LCD.o)
                0x00000928                LCD_IsReady
 .text.LCD_WriteData
                0x00000a0c       0x18 .\CortexM3\ARM_GCC_541\Debug\MATRIX.a(LCD.o)
                0x00000a0c                LCD_WriteData
 .text.LCD_PrintString
                0x00000a24       0x1c .\CortexM3\ARM_GCC_541\Debug\MATRIX.a(LCD.o)
                0x00000a24                LCD_PrintString
 .text.LCD_PutChar
                0x00000a40        0x8 .\CortexM3\ARM_GCC_541\Debug\MATRIX.a(LCD.o)
                0x00000a40                LCD_PutChar
 .text.LCD_WriteControl
                0x00000a48       0x18 .\CortexM3\ARM_GCC_541\Debug\MATRIX.a(LCD.o)
                0x00000a48                LCD_WriteControl
 .text.LCD_Init
                0x00000a60       0x6c .\CortexM3\ARM_GCC_541\Debug\MATRIX.a(LCD.o)
                0x00000a60                LCD_Init
 .text.LCD_Enable
                0x00000acc       0x14 .\CortexM3\ARM_GCC_541\Debug\MATRIX.a(LCD.o)
                0x00000acc                LCD_Enable
 .text.LCD_Start
                0x00000ae0       0x1c .\CortexM3\ARM_GCC_541\Debug\MATRIX.a(LCD.o)
                0x00000ae0                LCD_Start
 .text.LCD_Position
                0x00000afc       0x3c .\CortexM3\ARM_GCC_541\Debug\MATRIX.a(LCD.o)
                0x00000afc                LCD_Position
 .text.LCD_PrintU32Number
                0x00000b38       0x64 .\CortexM3\ARM_GCC_541\Debug\MATRIX.a(LCD.o)
                0x00000b38                LCD_PrintU32Number
 .text.FILAS_Read
                0x00000b9c        0xc .\CortexM3\ARM_GCC_541\Debug\MATRIX.a(FILAS.o)
                0x00000b9c                FILAS_Read
 .text.FILAS_ClearInterrupt
                0x00000ba8        0xc .\CortexM3\ARM_GCC_541\Debug\MATRIX.a(FILAS.o)
                0x00000ba8                FILAS_ClearInterrupt
 .text.isr_FILA_SetVector
                0x00000bb4        0xc .\CortexM3\ARM_GCC_541\Debug\MATRIX.a(isr_FILA.o)
                0x00000bb4                isr_FILA_SetVector
 .text.isr_FILA_SetPriority
                0x00000bc0       0x10 .\CortexM3\ARM_GCC_541\Debug\MATRIX.a(isr_FILA.o)
                0x00000bc0                isr_FILA_SetPriority
 .text.isr_FILA_Enable
                0x00000bd0        0xc .\CortexM3\ARM_GCC_541\Debug\MATRIX.a(isr_FILA.o)
                0x00000bd0                isr_FILA_Enable
 .text.isr_FILA_Disable
                0x00000bdc        0xc .\CortexM3\ARM_GCC_541\Debug\MATRIX.a(isr_FILA.o)
                0x00000bdc                isr_FILA_Disable
 .text.isr_FILA_StartEx
                0x00000be8       0x1c .\CortexM3\ARM_GCC_541\Debug\MATRIX.a(isr_FILA.o)
                0x00000be8                isr_FILA_StartEx
 .text.COLUMNAS_Write
                0x00000c04       0x18 .\CortexM3\ARM_GCC_541\Debug\MATRIX.a(COLUMNAS.o)
                0x00000c04                COLUMNAS_Write
 .text.COLUMNAS_Read
                0x00000c1c       0x10 .\CortexM3\ARM_GCC_541\Debug\MATRIX.a(COLUMNAS.o)
                0x00000c1c                COLUMNAS_Read
 .text.CyDelay  0x00000c2c       0x2c .\CortexM3\ARM_GCC_541\Debug\MATRIX.a(CyLib.o)
                0x00000c2c                CyDelay
 .text.CyDelayUs
                0x00000c58       0x14 .\CortexM3\ARM_GCC_541\Debug\MATRIX.a(CyLib.o)
                0x00000c58                CyDelayUs
 .text.Alarm_Write
                0x00000c6c       0x18 .\CortexM3\ARM_GCC_541\Debug\MATRIX.a(Alarm.o)
                0x00000c6c                Alarm_Write
 .text.SENSOR_ClearInterrupt
                0x00000c84        0xc .\CortexM3\ARM_GCC_541\Debug\MATRIX.a(SENSOR.o)
                0x00000c84                SENSOR_ClearInterrupt
 .text.SENSOR_int_SetVector
                0x00000c90        0xc .\CortexM3\ARM_GCC_541\Debug\MATRIX.a(SENSOR_int.o)
                0x00000c90                SENSOR_int_SetVector
 .text.SENSOR_int_SetPriority
                0x00000c9c       0x10 .\CortexM3\ARM_GCC_541\Debug\MATRIX.a(SENSOR_int.o)
                0x00000c9c                SENSOR_int_SetPriority
 .text.SENSOR_int_Enable
                0x00000cac        0xc .\CortexM3\ARM_GCC_541\Debug\MATRIX.a(SENSOR_int.o)
                0x00000cac                SENSOR_int_Enable
 .text.SENSOR_int_Disable
                0x00000cb8        0xc .\CortexM3\ARM_GCC_541\Debug\MATRIX.a(SENSOR_int.o)
                0x00000cb8                SENSOR_int_Disable
 .text.SENSOR_int_StartEx
                0x00000cc4       0x1c .\CortexM3\ARM_GCC_541\Debug\MATRIX.a(SENSOR_int.o)
                0x00000cc4                SENSOR_int_StartEx
 .text          0x00000ce0       0x20 .\CortexM3\ARM_GCC_541\Debug\MATRIX.a(CyBootAsmGnu.o)
                0x00000ce0                CyDelayCycles
                0x00000cf0                CyEnterCriticalSection
                0x00000cf8                CyExitCriticalSection
 .text.__errno  0x00000d00        0xc c:/program files (x86)/cypress/psoc creator/4.4/psoc creator/import/gnu/arm/5.4.1/bin/../lib/gcc/arm-none-eabi/5.4.1/../../../../arm-none-eabi/lib/armv7-m\libg_nano.a(lib_a-errno.o)
                0x00000d00                __errno
 .text.__libc_init_array
                0x00000d0c       0x4c c:/program files (x86)/cypress/psoc creator/4.4/psoc creator/import/gnu/arm/5.4.1/bin/../lib/gcc/arm-none-eabi/5.4.1/../../../../arm-none-eabi/lib/armv7-m\libg_nano.a(lib_a-init.o)
                0x00000d0c                __libc_init_array
 .text.memcpy   0x00000d58       0x16 c:/program files (x86)/cypress/psoc creator/4.4/psoc creator/import/gnu/arm/5.4.1/bin/../lib/gcc/arm-none-eabi/5.4.1/../../../../arm-none-eabi/lib/armv7-m\libg_nano.a(lib_a-memcpy-stub.o)
                0x00000d58                memcpy
 .text.memset   0x00000d6e       0x10 c:/program files (x86)/cypress/psoc creator/4.4/psoc creator/import/gnu/arm/5.4.1/bin/../lib/gcc/arm-none-eabi/5.4.1/../../../../arm-none-eabi/lib/armv7-m\libg_nano.a(lib_a-memset.o)
                0x00000d6e                memset
 *(.plt)
 *(.gnu.warning)
 *(.glue_7t)
 .glue_7t       0x00000d7e        0x0 linker stubs
 *(.glue_7)
 .glue_7        0x00000d7e        0x0 linker stubs
 *(.vfp11_veneer)
 .vfp11_veneer  0x00000d7e        0x0 linker stubs
 *(.bootloader)
 *(.ARM.extab* .gnu.linkonce.armextab.*)
 *(.gcc_except_table)

.v4_bx          0x00000d80        0x0
 .v4_bx         0x00000d80        0x0 linker stubs

.iplt           0x00000d80        0x0
 .iplt          0x00000d80        0x0 c:/program files (x86)/cypress/psoc creator/4.4/psoc creator/import/gnu/arm/5.4.1/bin/../lib/gcc/arm-none-eabi/5.4.1/armv7-m/crtbegin.o

.eh_frame_hdr
 *(.eh_frame_hdr)

.eh_frame       0x00000d80        0x4
 *(.eh_frame)
 .eh_frame      0x00000d80        0x0 c:/program files (x86)/cypress/psoc creator/4.4/psoc creator/import/gnu/arm/5.4.1/bin/../lib/gcc/arm-none-eabi/5.4.1/armv7-m/crtbegin.o
 .eh_frame      0x00000d80        0x4 c:/program files (x86)/cypress/psoc creator/4.4/psoc creator/import/gnu/arm/5.4.1/bin/../lib/gcc/arm-none-eabi/5.4.1/armv7-m/crtend.o
                [!provide]                PROVIDE (__exidx_start, .)

.ARM.exidx
 *(.ARM.exidx* .gnu.linkonce.armexidx.*)
                0x00000d84                __exidx_end = .

.rodata         0x00000d84       0xd4
 *(.rodata .rodata.* .gnu.linkonce.r.*)
 .rodata.str1.4
                0x00000d84       0x64 .\CortexM3\ARM_GCC_541\Debug\main.o
                                 0x61 (size before relaxing)
 .rodata        0x00000de8       0x3a .\CortexM3\ARM_GCC_541\Debug\cyfitter_cfg.o
 .rodata.str1.1
                0x00000e22        0x2 c:/program files (x86)/cypress/psoc creator/4.4/psoc creator/import/gnu/arm/5.4.1/bin/../lib/gcc/arm-none-eabi/5.4.1/../../../../arm-none-eabi/lib/armv7-m\libg_nano.a(lib_a-impure.o)
                0x00000e24                . = ALIGN (0x4)
 *(.init)
 .init          0x00000e24        0x4 c:/program files (x86)/cypress/psoc creator/4.4/psoc creator/import/gnu/arm/5.4.1/bin/../lib/gcc/arm-none-eabi/5.4.1/armv7-m/crti.o
                0x00000e24                _init
 .init          0x00000e28        0x8 c:/program files (x86)/cypress/psoc creator/4.4/psoc creator/import/gnu/arm/5.4.1/bin/../lib/gcc/arm-none-eabi/5.4.1/armv7-m/crtn.o
                0x00000e30                . = ALIGN (0x4)
                0x00000e30                __preinit_array_start = .
 *(.preinit_array)
                0x00000e30                __preinit_array_end = .
                0x00000e30                . = ALIGN (0x4)
                0x00000e30                __init_array_start = .
 *(SORT(.init_array.*))
 *(.init_array)
 .init_array    0x00000e30        0x4 c:/program files (x86)/cypress/psoc creator/4.4/psoc creator/import/gnu/arm/5.4.1/bin/../lib/gcc/arm-none-eabi/5.4.1/armv7-m/crtbegin.o
 .init_array    0x00000e34        0x4 .\CortexM3\ARM_GCC_541\Debug\Cm3Start.o
                0x00000e38                __init_array_end = .
                0x00000e38                . = ALIGN (0x4)
 *(.fini)
 .fini          0x00000e38        0x4 c:/program files (x86)/cypress/psoc creator/4.4/psoc creator/import/gnu/arm/5.4.1/bin/../lib/gcc/arm-none-eabi/5.4.1/armv7-m/crti.o
                0x00000e38                _fini
 .fini          0x00000e3c        0x8 c:/program files (x86)/cypress/psoc creator/4.4/psoc creator/import/gnu/arm/5.4.1/bin/../lib/gcc/arm-none-eabi/5.4.1/armv7-m/crtn.o
                0x00000e44                . = ALIGN (0x4)
                0x00000e44                __fini_array_start = .
 *(.fini_array)
 .fini_array    0x00000e44        0x4 c:/program files (x86)/cypress/psoc creator/4.4/psoc creator/import/gnu/arm/5.4.1/bin/../lib/gcc/arm-none-eabi/5.4.1/armv7-m/crtbegin.o
 *(SORT(.fini_array.*))
                0x00000e48                __fini_array_end = .
                0x00000e48                . = ALIGN (0x4)
 *crtbegin.o(.ctors)
 *(EXCLUDE_FILE(*crtend.o) .ctors)
 *(SORT(.ctors.*))
 *crtend.o(.ctors)
                0x00000e48                . = ALIGN (0x4)
 *crtbegin.o(.dtors)
 *(EXCLUDE_FILE(*crtend.o) .dtors)
 *(SORT(.dtors.*))
 *crtend.o(.dtors)
                0x00000e48                . = ALIGN (0x4)
                0x00000e48                __cy_regions = .
                0x00000e48        0x4 LONG 0xe58 __cy_region_init_ram
                0x00000e4c        0x4 LONG 0x1fff80c8 __cy_region_start_data
                0x00000e50        0x4 LONG 0x78 __cy_region_init_size_ram
                0x00000e54        0x4 LONG 0x48 __cy_region_zero_size_ram
                0x00000e58                __cy_regions_end = .
                0x00000e58                . = ALIGN (0x8)
                0x00000e58                _etext = .

.cy_checksum_exclude
                0x00000e58        0x0
 *(.cy_checksum_exclude)

.ramvectors     0x1fff8000       0xc0
                0x1fff8000                __cy_region_start_ram = .
 *(.ramvectors)
 .ramvectors    0x1fff8000       0xc0 .\CortexM3\ARM_GCC_541\Debug\Cm3Start.o
                0x1fff8000                CyRamVectors

.noinit         0x1fff80c0        0x1
 *(.noinit)
 .noinit        0x1fff80c0        0x1 .\CortexM3\ARM_GCC_541\Debug\MATRIX.a(CyLib.o)
                0x1fff80c0                CyResetStatus

.data           0x1fff80c8       0x78 load address 0x00000e58
                0x1fff80c8                __cy_region_start_data = .
 *(.jcr)
 .jcr           0x1fff80c8        0x0 c:/program files (x86)/cypress/psoc creator/4.4/psoc creator/import/gnu/arm/5.4.1/bin/../lib/gcc/arm-none-eabi/5.4.1/armv7-m/crtbegin.o
 .jcr           0x1fff80c8        0x4 c:/program files (x86)/cypress/psoc creator/4.4/psoc creator/import/gnu/arm/5.4.1/bin/../lib/gcc/arm-none-eabi/5.4.1/armv7-m/crtend.o
 *(.got.plt)
 *(.got)
 *(.shdata)
 *(.data .data.* .gnu.linkonce.d.*)
 .data          0x1fff80cc       0x10 .\CortexM3\ARM_GCC_541\Debug\MATRIX.a(CyLib.o)
                0x1fff80cc                cydelay_32k_ms
                0x1fff80d0                cydelay_freq_khz
                0x1fff80d4                cydelay_freq_mhz
                0x1fff80d8                cydelay_freq_hz
 .data.impure_data
                0x1fff80dc       0x60 c:/program files (x86)/cypress/psoc creator/4.4/psoc creator/import/gnu/arm/5.4.1/bin/../lib/gcc/arm-none-eabi/5.4.1/../../../../arm-none-eabi/lib/armv7-m\libg_nano.a(lib_a-impure.o)
 .data._impure_ptr
                0x1fff813c        0x4 c:/program files (x86)/cypress/psoc creator/4.4/psoc creator/import/gnu/arm/5.4.1/bin/../lib/gcc/arm-none-eabi/5.4.1/../../../../arm-none-eabi/lib/armv7-m\libg_nano.a(lib_a-impure.o)
                0x1fff813c                _impure_ptr
                0x1fff8140                . = ALIGN (0x8)
 *(.ram)
                0x1fff8140                _edata = .

.igot.plt       0x1fff8140        0x0 load address 0x00000ed0
 .igot.plt      0x1fff8140        0x0 c:/program files (x86)/cypress/psoc creator/4.4/psoc creator/import/gnu/arm/5.4.1/bin/../lib/gcc/arm-none-eabi/5.4.1/armv7-m/crtbegin.o

.bss            0x1fff8140       0x48 load address 0x00000ed0
                0x1fff8140                PROVIDE (__bss_start__, .)
 *(.shbss)
 *(.bss .bss.* .gnu.linkonce.b.*)
 .bss           0x1fff8140       0x1c c:/program files (x86)/cypress/psoc creator/4.4/psoc creator/import/gnu/arm/5.4.1/bin/../lib/gcc/arm-none-eabi/5.4.1/armv7-m/crtbegin.o
 .bss           0x1fff815c        0xc .\CortexM3\ARM_GCC_541\Debug\main.o
                0x1fff815c                Counter
                0x1fff8160                Start
                0x1fff8164                Digits
 .bss           0x1fff8168        0x2 .\CortexM3\ARM_GCC_541\Debug\MATRIX.a(LCD.o)
                0x1fff8168                LCD_enableState
                0x1fff8169                LCD_initVar
 *(COMMON)
 *fill*         0x1fff816a        0x2 
 COMMON         0x1fff816c       0x18 .\CortexM3\ARM_GCC_541\Debug\main.o
                0x1fff816c                D3
                0x1fff8170                FinalN
                0x1fff8174                D5
                0x1fff8178                D2
                0x1fff817c                D4
                0x1fff8180                D1
                0x1fff8188                . = ALIGN (0x8)
 *fill*         0x1fff8184        0x4 
 *(.ram.b)
                0x1fff8188                _end = .
                0x1fff8188                __end = .
                0x1fff8188                PROVIDE (end, .)
                0x1fff8188                PROVIDE (__bss_end__, .)
                0x00000e58                __cy_region_init_ram = LOADADDR (.data)
                0x00000078                __cy_region_init_size_ram = (_edata - ADDR (.data))
                0x00000048                __cy_region_zero_size_ram = (_end - _edata)

.heap           0x1fff8188       0x80 load address 0x00000ed0
                0x1fff8188                . = _end
                0x1fff8208                . = (. + 0x80)
 *fill*         0x1fff8188       0x80 
                0x1fff8208                __cy_heap_limit = .

.stack          0x20007800      0x800
                0x20007800                __cy_stack_limit = .
                0x20008000                . = (. + 0x800)
 *fill*         0x20007800      0x800 
                0x00000001                ASSERT ((__cy_stack_limit >= __cy_heap_limit), region RAM overflowed with stack)
                0x00000000                cy_checksum_exclude_size = (CY_APPL_LOADABLE == 0x1)?SIZEOF (.cy_checksum_exclude):0x0
                0x00000001                ASSERT ((cy_checksum_exclude_size <= CY_CHECKSUM_EXCLUDE_SIZE), CY_BOOT: Section .cy_checksum_exclude size exceedes specified limit.)

.cyloadermeta
 *(.cyloadermeta)

.cyloadablemeta
 *(.cyloadablemeta)

.cyconfigecc    0x80000000       0x30
 *(.cyconfigecc)
 .cyconfigecc   0x80000000       0x30 .\CortexM3\ARM_GCC_541\Debug\cymetadata.o
                0x80000000                cy_meta_configecc

.cycustnvl      0x90000000        0x4
 *(.cycustnvl)
 .cycustnvl     0x90000000        0x4 .\CortexM3\ARM_GCC_541\Debug\cymetadata.o
                0x90000000                cy_meta_custnvl

.cywolatch      0x90100000        0x4
 *(.cywolatch)
 .cywolatch     0x90100000        0x4 .\CortexM3\ARM_GCC_541\Debug\cymetadata.o
                0x90100000                cy_meta_wonvl

.cyeeprom       0x90200000        0x0
 *(.cyeeprom)
                0x00000001                ASSERT ((. <= ((0x90200000 + ee_offset) + ee_size)), .cyeeprom data will not fit in EEPROM)

.cyflashprotect
                0x90400000      0x100
 *(.cyflashprotect)
 .cyflashprotect
                0x90400000      0x100 .\CortexM3\ARM_GCC_541\Debug\cymetadata.o
                0x90400000                cy_meta_flashprotect

.cymeta         0x90500000        0xc
 *(.cymeta)
 .cymeta        0x90500000        0xc .\CortexM3\ARM_GCC_541\Debug\cymetadata.o
                0x90500000                cy_metadata

.rel.dyn        0x00000ed0        0x0 load address 0x9050000c
 .rel.iplt      0x00000ed0        0x0 c:/program files (x86)/cypress/psoc creator/4.4/psoc creator/import/gnu/arm/5.4.1/bin/../lib/gcc/arm-none-eabi/5.4.1/armv7-m/crtbegin.o

.stab
 *(.stab)

.stabstr
 *(.stabstr)

.debug
 *(.debug)

.line
 *(.line)

.debug_srcinfo
 *(.debug_srcinfo)

.debug_sfnames
 *(.debug_sfnames)

.debug_aranges  0x00000000      0x7e0
 *(.debug_aranges)
 .debug_aranges
                0x00000000       0x30 .\CortexM3\ARM_GCC_541\Debug\main.o
 .debug_aranges
                0x00000030       0x58 .\CortexM3\ARM_GCC_541\Debug\cyfitter_cfg.o
 .debug_aranges
                0x00000088       0x18 .\CortexM3\ARM_GCC_541\Debug\cymetadata.o
 .debug_aranges
                0x000000a0       0x48 .\CortexM3\ARM_GCC_541\Debug\Cm3Start.o
 .debug_aranges
                0x000000e8       0x98 .\CortexM3\ARM_GCC_541\Debug\MATRIX.a(LCD.o)
 .debug_aranges
                0x00000180       0x48 .\CortexM3\ARM_GCC_541\Debug\MATRIX.a(FILAS.o)
 .debug_aranges
                0x000001c8       0x80 .\CortexM3\ARM_GCC_541\Debug\MATRIX.a(isr_FILA.o)
 .debug_aranges
                0x00000248       0x38 .\CortexM3\ARM_GCC_541\Debug\MATRIX.a(COLUMNAS.o)
 .debug_aranges
                0x00000280      0x2a0 .\CortexM3\ARM_GCC_541\Debug\MATRIX.a(CyLib.o)
 .debug_aranges
                0x00000520       0x98 .\CortexM3\ARM_GCC_541\Debug\MATRIX.a(cyPm.o)
 .debug_aranges
                0x000005b8       0x38 .\CortexM3\ARM_GCC_541\Debug\MATRIX.a(Alarm.o)
 .debug_aranges
                0x000005f0       0x48 .\CortexM3\ARM_GCC_541\Debug\MATRIX.a(SENSOR.o)
 .debug_aranges
                0x00000638       0x80 .\CortexM3\ARM_GCC_541\Debug\MATRIX.a(SENSOR_int.o)
 .debug_aranges
                0x000006b8       0x20 .\CortexM3\ARM_GCC_541\Debug\MATRIX.a(CyBootAsmGnu.o)
 .debug_aranges
                0x000006d8       0x88 .\CortexM3\ARM_GCC_541\Debug\MATRIX.a(CyFlash.o)
 .debug_aranges
                0x00000760       0x80 .\CortexM3\ARM_GCC_541\Debug\MATRIX.a(CySpc.o)

.debug_pubnames
 *(.debug_pubnames)

.debug_info     0x00000000     0x4fbd
 *(.debug_info .gnu.linkonce.wi.*)
 .debug_info    0x00000000      0x999 .\CortexM3\ARM_GCC_541\Debug\main.o
 .debug_info    0x00000999      0x597 .\CortexM3\ARM_GCC_541\Debug\cyfitter_cfg.o
 .debug_info    0x00000f30      0x134 .\CortexM3\ARM_GCC_541\Debug\cymetadata.o
 .debug_info    0x00001064      0x3bb .\CortexM3\ARM_GCC_541\Debug\Cm3Start.o
 .debug_info    0x0000141f      0x715 .\CortexM3\ARM_GCC_541\Debug\MATRIX.a(LCD.o)
 .debug_info    0x00001b34      0x174 .\CortexM3\ARM_GCC_541\Debug\MATRIX.a(FILAS.o)
 .debug_info    0x00001ca8      0x2d2 .\CortexM3\ARM_GCC_541\Debug\MATRIX.a(isr_FILA.o)
 .debug_info    0x00001f7a      0x11f .\CortexM3\ARM_GCC_541\Debug\MATRIX.a(COLUMNAS.o)
 .debug_info    0x00002099     0x1374 .\CortexM3\ARM_GCC_541\Debug\MATRIX.a(CyLib.o)
 .debug_info    0x0000340d      0xa2a .\CortexM3\ARM_GCC_541\Debug\MATRIX.a(cyPm.o)
 .debug_info    0x00003e37      0x11f .\CortexM3\ARM_GCC_541\Debug\MATRIX.a(Alarm.o)
 .debug_info    0x00003f56      0x174 .\CortexM3\ARM_GCC_541\Debug\MATRIX.a(SENSOR.o)
 .debug_info    0x000040ca      0x2d2 .\CortexM3\ARM_GCC_541\Debug\MATRIX.a(SENSOR_int.o)
 .debug_info    0x0000439c       0x84 .\CortexM3\ARM_GCC_541\Debug\MATRIX.a(CyBootAsmGnu.o)
 .debug_info    0x00004420      0x64d .\CortexM3\ARM_GCC_541\Debug\MATRIX.a(CyFlash.o)
 .debug_info    0x00004a6d      0x550 .\CortexM3\ARM_GCC_541\Debug\MATRIX.a(CySpc.o)

.debug_abbrev   0x00000000     0x133d
 *(.debug_abbrev)
 .debug_abbrev  0x00000000      0x120 .\CortexM3\ARM_GCC_541\Debug\main.o
 .debug_abbrev  0x00000120      0x20d .\CortexM3\ARM_GCC_541\Debug\cyfitter_cfg.o
 .debug_abbrev  0x0000032d       0x5d .\CortexM3\ARM_GCC_541\Debug\cymetadata.o
 .debug_abbrev  0x0000038a      0x1e8 .\CortexM3\ARM_GCC_541\Debug\Cm3Start.o
 .debug_abbrev  0x00000572      0x157 .\CortexM3\ARM_GCC_541\Debug\MATRIX.a(LCD.o)
 .debug_abbrev  0x000006c9       0x90 .\CortexM3\ARM_GCC_541\Debug\MATRIX.a(FILAS.o)
 .debug_abbrev  0x00000759      0x173 .\CortexM3\ARM_GCC_541\Debug\MATRIX.a(isr_FILA.o)
 .debug_abbrev  0x000008cc       0x90 .\CortexM3\ARM_GCC_541\Debug\MATRIX.a(COLUMNAS.o)
 .debug_abbrev  0x0000095c      0x254 .\CortexM3\ARM_GCC_541\Debug\MATRIX.a(CyLib.o)
 .debug_abbrev  0x00000bb0      0x1ab .\CortexM3\ARM_GCC_541\Debug\MATRIX.a(cyPm.o)
 .debug_abbrev  0x00000d5b       0x90 .\CortexM3\ARM_GCC_541\Debug\MATRIX.a(Alarm.o)
 .debug_abbrev  0x00000deb       0x90 .\CortexM3\ARM_GCC_541\Debug\MATRIX.a(SENSOR.o)
 .debug_abbrev  0x00000e7b      0x173 .\CortexM3\ARM_GCC_541\Debug\MATRIX.a(SENSOR_int.o)
 .debug_abbrev  0x00000fee       0x14 .\CortexM3\ARM_GCC_541\Debug\MATRIX.a(CyBootAsmGnu.o)
 .debug_abbrev  0x00001002      0x1a7 .\CortexM3\ARM_GCC_541\Debug\MATRIX.a(CyFlash.o)
 .debug_abbrev  0x000011a9      0x194 .\CortexM3\ARM_GCC_541\Debug\MATRIX.a(CySpc.o)

.debug_line     0x00000000     0x1f7f
 *(.debug_line)
 .debug_line    0x00000000      0x2d7 .\CortexM3\ARM_GCC_541\Debug\main.o
 .debug_line    0x000002d7      0x1ee .\CortexM3\ARM_GCC_541\Debug\cyfitter_cfg.o
 .debug_line    0x000004c5      0x141 .\CortexM3\ARM_GCC_541\Debug\cymetadata.o
 .debug_line    0x00000606      0x234 .\CortexM3\ARM_GCC_541\Debug\Cm3Start.o
 .debug_line    0x0000083a      0x1dc .\CortexM3\ARM_GCC_541\Debug\MATRIX.a(LCD.o)
 .debug_line    0x00000a16       0xbf .\CortexM3\ARM_GCC_541\Debug\MATRIX.a(FILAS.o)
 .debug_line    0x00000ad5      0x135 .\CortexM3\ARM_GCC_541\Debug\MATRIX.a(isr_FILA.o)
 .debug_line    0x00000c0a       0x98 .\CortexM3\ARM_GCC_541\Debug\MATRIX.a(COLUMNAS.o)
 .debug_line    0x00000ca2      0x816 .\CortexM3\ARM_GCC_541\Debug\MATRIX.a(CyLib.o)
 .debug_line    0x000014b8      0x367 .\CortexM3\ARM_GCC_541\Debug\MATRIX.a(cyPm.o)
 .debug_line    0x0000181f       0x92 .\CortexM3\ARM_GCC_541\Debug\MATRIX.a(Alarm.o)
 .debug_line    0x000018b1       0xb7 .\CortexM3\ARM_GCC_541\Debug\MATRIX.a(SENSOR.o)
 .debug_line    0x00001968      0x137 .\CortexM3\ARM_GCC_541\Debug\MATRIX.a(SENSOR_int.o)
 .debug_line    0x00001a9f       0x66 .\CortexM3\ARM_GCC_541\Debug\MATRIX.a(CyBootAsmGnu.o)
 .debug_line    0x00001b05      0x21a .\CortexM3\ARM_GCC_541\Debug\MATRIX.a(CyFlash.o)
 .debug_line    0x00001d1f      0x260 .\CortexM3\ARM_GCC_541\Debug\MATRIX.a(CySpc.o)

.debug_frame    0x00000000     0x1470
 *(.debug_frame)
 .debug_frame   0x00000000       0x64 .\CortexM3\ARM_GCC_541\Debug\main.o
 .debug_frame   0x00000064       0xe4 .\CortexM3\ARM_GCC_541\Debug\cyfitter_cfg.o
 .debug_frame   0x00000148       0xb8 .\CortexM3\ARM_GCC_541\Debug\Cm3Start.o
 .debug_frame   0x00000200      0x1e8 .\CortexM3\ARM_GCC_541\Debug\MATRIX.a(LCD.o)
 .debug_frame   0x000003e8       0x70 .\CortexM3\ARM_GCC_541\Debug\MATRIX.a(FILAS.o)
 .debug_frame   0x00000458      0x104 .\CortexM3\ARM_GCC_541\Debug\MATRIX.a(isr_FILA.o)
 .debug_frame   0x0000055c       0x50 .\CortexM3\ARM_GCC_541\Debug\MATRIX.a(COLUMNAS.o)
 .debug_frame   0x000005ac      0x738 .\CortexM3\ARM_GCC_541\Debug\MATRIX.a(CyLib.o)
 .debug_frame   0x00000ce4      0x1f8 .\CortexM3\ARM_GCC_541\Debug\MATRIX.a(cyPm.o)
 .debug_frame   0x00000edc       0x50 .\CortexM3\ARM_GCC_541\Debug\MATRIX.a(Alarm.o)
 .debug_frame   0x00000f2c       0x70 .\CortexM3\ARM_GCC_541\Debug\MATRIX.a(SENSOR.o)
 .debug_frame   0x00000f9c      0x104 .\CortexM3\ARM_GCC_541\Debug\MATRIX.a(SENSOR_int.o)
 .debug_frame   0x000010a0      0x194 .\CortexM3\ARM_GCC_541\Debug\MATRIX.a(CyFlash.o)
 .debug_frame   0x00001234      0x180 .\CortexM3\ARM_GCC_541\Debug\MATRIX.a(CySpc.o)
 .debug_frame   0x000013b4       0x20 c:/program files (x86)/cypress/psoc creator/4.4/psoc creator/import/gnu/arm/5.4.1/bin/../lib/gcc/arm-none-eabi/5.4.1/../../../../arm-none-eabi/lib/armv7-m\libg_nano.a(lib_a-errno.o)
 .debug_frame   0x000013d4       0x28 c:/program files (x86)/cypress/psoc creator/4.4/psoc creator/import/gnu/arm/5.4.1/bin/../lib/gcc/arm-none-eabi/5.4.1/../../../../arm-none-eabi/lib/armv7-m\libg_nano.a(lib_a-exit.o)
 .debug_frame   0x000013fc       0x2c c:/program files (x86)/cypress/psoc creator/4.4/psoc creator/import/gnu/arm/5.4.1/bin/../lib/gcc/arm-none-eabi/5.4.1/../../../../arm-none-eabi/lib/armv7-m\libg_nano.a(lib_a-init.o)
 .debug_frame   0x00001428       0x28 c:/program files (x86)/cypress/psoc creator/4.4/psoc creator/import/gnu/arm/5.4.1/bin/../lib/gcc/arm-none-eabi/5.4.1/../../../../arm-none-eabi/lib/armv7-m\libg_nano.a(lib_a-memcpy-stub.o)
 .debug_frame   0x00001450       0x20 c:/program files (x86)/cypress/psoc creator/4.4/psoc creator/import/gnu/arm/5.4.1/bin/../lib/gcc/arm-none-eabi/5.4.1/../../../../arm-none-eabi/lib/armv7-m\libg_nano.a(lib_a-memset.o)

.debug_str      0x00000000     0x18c7
 *(.debug_str)
 .debug_str     0x00000000      0x285 .\CortexM3\ARM_GCC_541\Debug\main.o
                                0x2d8 (size before relaxing)
 .debug_str     0x00000285      0x1af .\CortexM3\ARM_GCC_541\Debug\cyfitter_cfg.o
                                0x338 (size before relaxing)
 .debug_str     0x00000434       0x7f .\CortexM3\ARM_GCC_541\Debug\cymetadata.o
                                0x1d8 (size before relaxing)
 .debug_str     0x000004b3      0x144 .\CortexM3\ARM_GCC_541\Debug\Cm3Start.o
                                0x2fe (size before relaxing)
 .debug_str     0x000005f7      0x12a .\CortexM3\ARM_GCC_541\Debug\MATRIX.a(LCD.o)
                                0x31f (size before relaxing)
 .debug_str     0x00000721       0x80 .\CortexM3\ARM_GCC_541\Debug\MATRIX.a(FILAS.o)
                                0x212 (size before relaxing)
 .debug_str     0x000007a1      0x117 .\CortexM3\ARM_GCC_541\Debug\MATRIX.a(isr_FILA.o)
                                0x2c4 (size before relaxing)
 .debug_str     0x000008b8       0x4d .\CortexM3\ARM_GCC_541\Debug\MATRIX.a(COLUMNAS.o)
                                0x1e5 (size before relaxing)
 .debug_str     0x00000905      0x816 .\CortexM3\ARM_GCC_541\Debug\MATRIX.a(CyLib.o)
                                0xa3b (size before relaxing)
 .debug_str     0x0000111b      0x365 .\CortexM3\ARM_GCC_541\Debug\MATRIX.a(cyPm.o)
                                0x727 (size before relaxing)
 .debug_str     0x00001480       0x4f .\CortexM3\ARM_GCC_541\Debug\MATRIX.a(Alarm.o)
                                0x1d6 (size before relaxing)
 .debug_str     0x000014cf       0x78 .\CortexM3\ARM_GCC_541\Debug\MATRIX.a(SENSOR.o)
                                0x219 (size before relaxing)
 .debug_str     0x00001547      0x119 .\CortexM3\ARM_GCC_541\Debug\MATRIX.a(SENSOR_int.o)
                                0x2e0 (size before relaxing)
 .debug_str     0x00001660      0x1bb .\CortexM3\ARM_GCC_541\Debug\MATRIX.a(CyFlash.o)
                                0x3b4 (size before relaxing)
 .debug_str     0x0000181b       0xac .\CortexM3\ARM_GCC_541\Debug\MATRIX.a(CySpc.o)
                                0x32c (size before relaxing)

.debug_loc      0x00000000     0x235b
 *(.debug_loc)
 .debug_loc     0x00000000      0x314 .\CortexM3\ARM_GCC_541\Debug\main.o
 .debug_loc     0x00000314      0x259 .\CortexM3\ARM_GCC_541\Debug\cyfitter_cfg.o
 .debug_loc     0x0000056d      0x144 .\CortexM3\ARM_GCC_541\Debug\Cm3Start.o
 .debug_loc     0x000006b1      0x3c6 .\CortexM3\ARM_GCC_541\Debug\MATRIX.a(LCD.o)
 .debug_loc     0x00000a77       0x84 .\CortexM3\ARM_GCC_541\Debug\MATRIX.a(FILAS.o)
 .debug_loc     0x00000afb       0x56 .\CortexM3\ARM_GCC_541\Debug\MATRIX.a(isr_FILA.o)
 .debug_loc     0x00000b51       0x42 .\CortexM3\ARM_GCC_541\Debug\MATRIX.a(COLUMNAS.o)
 .debug_loc     0x00000b93      0xa11 .\CortexM3\ARM_GCC_541\Debug\MATRIX.a(CyLib.o)
 .debug_loc     0x000015a4      0x1e4 .\CortexM3\ARM_GCC_541\Debug\MATRIX.a(cyPm.o)
 .debug_loc     0x00001788       0x42 .\CortexM3\ARM_GCC_541\Debug\MATRIX.a(Alarm.o)
 .debug_loc     0x000017ca       0x84 .\CortexM3\ARM_GCC_541\Debug\MATRIX.a(SENSOR.o)
 .debug_loc     0x0000184e       0x56 .\CortexM3\ARM_GCC_541\Debug\MATRIX.a(SENSOR_int.o)
 .debug_loc     0x000018a4      0x3b2 .\CortexM3\ARM_GCC_541\Debug\MATRIX.a(CyFlash.o)
 .debug_loc     0x00001c56      0x705 .\CortexM3\ARM_GCC_541\Debug\MATRIX.a(CySpc.o)

.debug_macinfo
 *(.debug_macinfo)

.debug_ranges   0x00000000      0x6c8
 *(.debug_ranges)
 .debug_ranges  0x00000000       0x20 .\CortexM3\ARM_GCC_541\Debug\main.o
 .debug_ranges  0x00000020       0x48 .\CortexM3\ARM_GCC_541\Debug\cyfitter_cfg.o
 .debug_ranges  0x00000068       0x38 .\CortexM3\ARM_GCC_541\Debug\Cm3Start.o
 .debug_ranges  0x000000a0       0x88 .\CortexM3\ARM_GCC_541\Debug\MATRIX.a(LCD.o)
 .debug_ranges  0x00000128       0x38 .\CortexM3\ARM_GCC_541\Debug\MATRIX.a(FILAS.o)
 .debug_ranges  0x00000160       0x70 .\CortexM3\ARM_GCC_541\Debug\MATRIX.a(isr_FILA.o)
 .debug_ranges  0x000001d0       0x28 .\CortexM3\ARM_GCC_541\Debug\MATRIX.a(COLUMNAS.o)
 .debug_ranges  0x000001f8      0x290 .\CortexM3\ARM_GCC_541\Debug\MATRIX.a(CyLib.o)
 .debug_ranges  0x00000488       0x88 .\CortexM3\ARM_GCC_541\Debug\MATRIX.a(cyPm.o)
 .debug_ranges  0x00000510       0x28 .\CortexM3\ARM_GCC_541\Debug\MATRIX.a(Alarm.o)
 .debug_ranges  0x00000538       0x38 .\CortexM3\ARM_GCC_541\Debug\MATRIX.a(SENSOR.o)
 .debug_ranges  0x00000570       0x70 .\CortexM3\ARM_GCC_541\Debug\MATRIX.a(SENSOR_int.o)
 .debug_ranges  0x000005e0       0x78 .\CortexM3\ARM_GCC_541\Debug\MATRIX.a(CyFlash.o)
 .debug_ranges  0x00000658       0x70 .\CortexM3\ARM_GCC_541\Debug\MATRIX.a(CySpc.o)

.comment        0x00000000       0x6e
 .comment       0x00000000       0x6e .\CortexM3\ARM_GCC_541\Debug\main.o
                                 0x6f (size before relaxing)
 .comment       0x0000006e       0x6f .\CortexM3\ARM_GCC_541\Debug\cyfitter_cfg.o
 .comment       0x0000006e       0x6f .\CortexM3\ARM_GCC_541\Debug\cymetadata.o
 .comment       0x0000006e       0x6f .\CortexM3\ARM_GCC_541\Debug\Cm3Start.o
 .comment       0x0000006e       0x6f .\CortexM3\ARM_GCC_541\Debug\MATRIX.a(LCD.o)
 .comment       0x0000006e       0x6f .\CortexM3\ARM_GCC_541\Debug\MATRIX.a(FILAS.o)
 .comment       0x0000006e       0x6f .\CortexM3\ARM_GCC_541\Debug\MATRIX.a(isr_FILA.o)
 .comment       0x0000006e       0x6f .\CortexM3\ARM_GCC_541\Debug\MATRIX.a(COLUMNAS.o)
 .comment       0x0000006e       0x6f .\CortexM3\ARM_GCC_541\Debug\MATRIX.a(CyLib.o)
 .comment       0x0000006e       0x6f .\CortexM3\ARM_GCC_541\Debug\MATRIX.a(cyPm.o)
 .comment       0x0000006e       0x6f .\CortexM3\ARM_GCC_541\Debug\MATRIX.a(Alarm.o)
 .comment       0x0000006e       0x6f .\CortexM3\ARM_GCC_541\Debug\MATRIX.a(SENSOR.o)
 .comment       0x0000006e       0x6f .\CortexM3\ARM_GCC_541\Debug\MATRIX.a(SENSOR_int.o)
 .comment       0x0000006e       0x6f .\CortexM3\ARM_GCC_541\Debug\MATRIX.a(CyFlash.o)
 .comment       0x0000006e       0x6f .\CortexM3\ARM_GCC_541\Debug\MATRIX.a(CySpc.o)

.debug_weaknames
 *(.debug_weaknames)

.debug_funcnames
 *(.debug_funcnames)

.debug_typenames
 *(.debug_typenames)

.debug_varnames
 *(.debug_varnames)

.note.gnu.arm.ident
 *(.note.gnu.arm.ident)

.ARM.attributes
                0x00000000       0x29
 *(.ARM.attributes)
 .ARM.attributes
                0x00000000       0x1d c:/program files (x86)/cypress/psoc creator/4.4/psoc creator/import/gnu/arm/5.4.1/bin/../lib/gcc/arm-none-eabi/5.4.1/armv7-m/crti.o
 .ARM.attributes
                0x0000001d       0x2d c:/program files (x86)/cypress/psoc creator/4.4/psoc creator/import/gnu/arm/5.4.1/bin/../lib/gcc/arm-none-eabi/5.4.1/armv7-m/crtbegin.o
 .ARM.attributes
                0x0000004a       0x1b c:/program files (x86)/cypress/psoc creator/4.4/psoc creator/import/gnu/arm/5.4.1/bin/../lib/gcc/arm-none-eabi/5.4.1/../../../../arm-none-eabi/lib/armv7-m/crt0.o
 .ARM.attributes
                0x00000065       0x33 .\CortexM3\ARM_GCC_541\Debug\main.o
 .ARM.attributes
                0x00000098       0x33 .\CortexM3\ARM_GCC_541\Debug\cyfitter_cfg.o
 .ARM.attributes
                0x000000cb       0x33 .\CortexM3\ARM_GCC_541\Debug\cymetadata.o
 .ARM.attributes
                0x000000fe       0x33 .\CortexM3\ARM_GCC_541\Debug\Cm3Start.o
 .ARM.attributes
                0x00000131       0x33 .\CortexM3\ARM_GCC_541\Debug\MATRIX.a(LCD.o)
 .ARM.attributes
                0x00000164       0x33 .\CortexM3\ARM_GCC_541\Debug\MATRIX.a(FILAS.o)
 .ARM.attributes
                0x00000197       0x33 .\CortexM3\ARM_GCC_541\Debug\MATRIX.a(isr_FILA.o)
 .ARM.attributes
                0x000001ca       0x33 .\CortexM3\ARM_GCC_541\Debug\MATRIX.a(COLUMNAS.o)
 .ARM.attributes
                0x000001fd       0x33 .\CortexM3\ARM_GCC_541\Debug\MATRIX.a(CyLib.o)
 .ARM.attributes
                0x00000230       0x33 .\CortexM3\ARM_GCC_541\Debug\MATRIX.a(cyPm.o)
 .ARM.attributes
                0x00000263       0x33 .\CortexM3\ARM_GCC_541\Debug\MATRIX.a(Alarm.o)
 .ARM.attributes
                0x00000296       0x33 .\CortexM3\ARM_GCC_541\Debug\MATRIX.a(SENSOR.o)
 .ARM.attributes
                0x000002c9       0x33 .\CortexM3\ARM_GCC_541\Debug\MATRIX.a(SENSOR_int.o)
 .ARM.attributes
                0x000002fc       0x21 .\CortexM3\ARM_GCC_541\Debug\MATRIX.a(CyBootAsmGnu.o)
 .ARM.attributes
                0x0000031d       0x33 .\CortexM3\ARM_GCC_541\Debug\MATRIX.a(CyFlash.o)
 .ARM.attributes
                0x00000350       0x33 .\CortexM3\ARM_GCC_541\Debug\MATRIX.a(CySpc.o)
 .ARM.attributes
                0x00000383       0x2d c:/program files (x86)/cypress/psoc creator/4.4/psoc creator/import/gnu/arm/5.4.1/bin/../lib/gcc/arm-none-eabi/5.4.1/../../../../arm-none-eabi/lib/armv7-m\libg_nano.a(lib_a-errno.o)
 .ARM.attributes
                0x000003b0       0x2d c:/program files (x86)/cypress/psoc creator/4.4/psoc creator/import/gnu/arm/5.4.1/bin/../lib/gcc/arm-none-eabi/5.4.1/../../../../arm-none-eabi/lib/armv7-m\libg_nano.a(lib_a-exit.o)
 .ARM.attributes
                0x000003dd       0x2d c:/program files (x86)/cypress/psoc creator/4.4/psoc creator/import/gnu/arm/5.4.1/bin/../lib/gcc/arm-none-eabi/5.4.1/../../../../arm-none-eabi/lib/armv7-m\libg_nano.a(lib_a-impure.o)
 .ARM.attributes
                0x0000040a       0x2d c:/program files (x86)/cypress/psoc creator/4.4/psoc creator/import/gnu/arm/5.4.1/bin/../lib/gcc/arm-none-eabi/5.4.1/../../../../arm-none-eabi/lib/armv7-m\libg_nano.a(lib_a-init.o)
 .ARM.attributes
                0x00000437       0x2d c:/program files (x86)/cypress/psoc creator/4.4/psoc creator/import/gnu/arm/5.4.1/bin/../lib/gcc/arm-none-eabi/5.4.1/../../../../arm-none-eabi/lib/armv7-m\libg_nano.a(lib_a-memcpy-stub.o)
 .ARM.attributes
                0x00000464       0x2d c:/program files (x86)/cypress/psoc creator/4.4/psoc creator/import/gnu/arm/5.4.1/bin/../lib/gcc/arm-none-eabi/5.4.1/../../../../arm-none-eabi/lib/armv7-m\libg_nano.a(lib_a-memset.o)
 .ARM.attributes
                0x00000491       0x2d c:/program files (x86)/cypress/psoc creator/4.4/psoc creator/import/gnu/arm/5.4.1/bin/../lib/gcc/arm-none-eabi/5.4.1/armv7-m/crtend.o
 .ARM.attributes
                0x000004be       0x1d c:/program files (x86)/cypress/psoc creator/4.4/psoc creator/import/gnu/arm/5.4.1/bin/../lib/gcc/arm-none-eabi/5.4.1/armv7-m/crtn.o

/DISCARD/
 *(.note.GNU-stack)
OUTPUT(C:\Users\new_s\Downloads\MATRIXEXAMPLEP2\MATRIX.cydsn\CortexM3\ARM_GCC_541\Debug\MATRIX.elf elf32-littlearm)
